Archive member included to satisfy reference by file (symbol)

d:/programy/stm32cubeide_1.6.1/stm32cubeide/plugins/com.st.stm32cube.ide.mcu.externaltools.gnu-tools-for-stm32.9-2020-q2-update.win32_1.5.0.202011040924/tools/bin/../lib/gcc/arm-none-eabi/9.3.1/../../../../arm-none-eabi/lib/thumb/v7e-m+fp/hard\libc_nano.a(lib_a-errno.o)
                              Core/Src/syscalls.o (__errno)
d:/programy/stm32cubeide_1.6.1/stm32cubeide/plugins/com.st.stm32cube.ide.mcu.externaltools.gnu-tools-for-stm32.9-2020-q2-update.win32_1.5.0.202011040924/tools/bin/../lib/gcc/arm-none-eabi/9.3.1/../../../../arm-none-eabi/lib/thumb/v7e-m+fp/hard\libc_nano.a(lib_a-exit.o)
                              d:/programy/stm32cubeide_1.6.1/stm32cubeide/plugins/com.st.stm32cube.ide.mcu.externaltools.gnu-tools-for-stm32.9-2020-q2-update.win32_1.5.0.202011040924/tools/bin/../lib/gcc/arm-none-eabi/9.3.1/../../../../arm-none-eabi/lib/thumb/v7e-m+fp/hard/crt0.o (exit)
d:/programy/stm32cubeide_1.6.1/stm32cubeide/plugins/com.st.stm32cube.ide.mcu.externaltools.gnu-tools-for-stm32.9-2020-q2-update.win32_1.5.0.202011040924/tools/bin/../lib/gcc/arm-none-eabi/9.3.1/../../../../arm-none-eabi/lib/thumb/v7e-m+fp/hard\libc_nano.a(lib_a-impure.o)
                              d:/programy/stm32cubeide_1.6.1/stm32cubeide/plugins/com.st.stm32cube.ide.mcu.externaltools.gnu-tools-for-stm32.9-2020-q2-update.win32_1.5.0.202011040924/tools/bin/../lib/gcc/arm-none-eabi/9.3.1/../../../../arm-none-eabi/lib/thumb/v7e-m+fp/hard\libc_nano.a(lib_a-exit.o) (_global_impure_ptr)
d:/programy/stm32cubeide_1.6.1/stm32cubeide/plugins/com.st.stm32cube.ide.mcu.externaltools.gnu-tools-for-stm32.9-2020-q2-update.win32_1.5.0.202011040924/tools/bin/../lib/gcc/arm-none-eabi/9.3.1/../../../../arm-none-eabi/lib/thumb/v7e-m+fp/hard\libc_nano.a(lib_a-init.o)
                              d:/programy/stm32cubeide_1.6.1/stm32cubeide/plugins/com.st.stm32cube.ide.mcu.externaltools.gnu-tools-for-stm32.9-2020-q2-update.win32_1.5.0.202011040924/tools/bin/../lib/gcc/arm-none-eabi/9.3.1/../../../../arm-none-eabi/lib/thumb/v7e-m+fp/hard/crt0.o (__libc_init_array)
d:/programy/stm32cubeide_1.6.1/stm32cubeide/plugins/com.st.stm32cube.ide.mcu.externaltools.gnu-tools-for-stm32.9-2020-q2-update.win32_1.5.0.202011040924/tools/bin/../lib/gcc/arm-none-eabi/9.3.1/../../../../arm-none-eabi/lib/thumb/v7e-m+fp/hard\libc_nano.a(lib_a-memset.o)
                              d:/programy/stm32cubeide_1.6.1/stm32cubeide/plugins/com.st.stm32cube.ide.mcu.externaltools.gnu-tools-for-stm32.9-2020-q2-update.win32_1.5.0.202011040924/tools/bin/../lib/gcc/arm-none-eabi/9.3.1/../../../../arm-none-eabi/lib/thumb/v7e-m+fp/hard/crt0.o (memset)
d:/programy/stm32cubeide_1.6.1/stm32cubeide/plugins/com.st.stm32cube.ide.mcu.externaltools.gnu-tools-for-stm32.9-2020-q2-update.win32_1.5.0.202011040924/tools/bin/../lib/gcc/arm-none-eabi/9.3.1/../../../../arm-none-eabi/lib/thumb/v7e-m+fp/hard\libc_nano.a(lib_a-printf.o)
                              Core/Src/progress_bar.o (printf)
d:/programy/stm32cubeide_1.6.1/stm32cubeide/plugins/com.st.stm32cube.ide.mcu.externaltools.gnu-tools-for-stm32.9-2020-q2-update.win32_1.5.0.202011040924/tools/bin/../lib/gcc/arm-none-eabi/9.3.1/../../../../arm-none-eabi/lib/thumb/v7e-m+fp/hard\libc_nano.a(lib_a-putchar.o)
                              Core/Src/progress_bar.o (putchar)
d:/programy/stm32cubeide_1.6.1/stm32cubeide/plugins/com.st.stm32cube.ide.mcu.externaltools.gnu-tools-for-stm32.9-2020-q2-update.win32_1.5.0.202011040924/tools/bin/../lib/gcc/arm-none-eabi/9.3.1/../../../../arm-none-eabi/lib/thumb/v7e-m+fp/hard\libc_nano.a(lib_a-findfp.o)
                              d:/programy/stm32cubeide_1.6.1/stm32cubeide/plugins/com.st.stm32cube.ide.mcu.externaltools.gnu-tools-for-stm32.9-2020-q2-update.win32_1.5.0.202011040924/tools/bin/../lib/gcc/arm-none-eabi/9.3.1/../../../../arm-none-eabi/lib/thumb/v7e-m+fp/hard\libc_nano.a(lib_a-printf.o) (__sinit)
d:/programy/stm32cubeide_1.6.1/stm32cubeide/plugins/com.st.stm32cube.ide.mcu.externaltools.gnu-tools-for-stm32.9-2020-q2-update.win32_1.5.0.202011040924/tools/bin/../lib/gcc/arm-none-eabi/9.3.1/../../../../arm-none-eabi/lib/thumb/v7e-m+fp/hard\libc_nano.a(lib_a-fwalk.o)
                              d:/programy/stm32cubeide_1.6.1/stm32cubeide/plugins/com.st.stm32cube.ide.mcu.externaltools.gnu-tools-for-stm32.9-2020-q2-update.win32_1.5.0.202011040924/tools/bin/../lib/gcc/arm-none-eabi/9.3.1/../../../../arm-none-eabi/lib/thumb/v7e-m+fp/hard\libc_nano.a(lib_a-findfp.o) (_fwalk)
d:/programy/stm32cubeide_1.6.1/stm32cubeide/plugins/com.st.stm32cube.ide.mcu.externaltools.gnu-tools-for-stm32.9-2020-q2-update.win32_1.5.0.202011040924/tools/bin/../lib/gcc/arm-none-eabi/9.3.1/../../../../arm-none-eabi/lib/thumb/v7e-m+fp/hard\libc_nano.a(lib_a-lock.o)
[...]
Memory Configuration

Name             Origin             Length             Attributes
RAM              0x0000000020000000 0x0000000000010000 xrw
FLASH            0x0000000008000000 0x0000000000040000 xr
*default*        0x0000000000000000 0xffffffffffffffff

Linker script and memory map

LOAD d:/programy/stm32cubeide_1.6.1/stm32cubeide/plugins/com.st.stm32cube.ide.mcu.externaltools.gnu-tools-for-stm32.9-2020-q2-update.win32_1.5.0.202011040924/tools/bin/../lib/gcc/arm-none-eabi/9.3.1/thumb/v7e-m+fp/hard/crti.o
LOAD d:/programy/stm32cubeide_1.6.1/stm32cubeide/plugins/com.st.stm32cube.ide.mcu.externaltools.gnu-tools-for-stm32.9-2020-q2-update.win32_1.5.0.202011040924/tools/bin/../lib/gcc/arm-none-eabi/9.3.1/thumb/v7e-m+fp/hard/crtbegin.o
LOAD d:/programy/stm32cubeide_1.6.1/stm32cubeide/plugins/com.st.stm32cube.ide.mcu.externaltools.gnu-tools-for-stm32.9-2020-q2-update.win32_1.5.0.202011040924/tools/bin/../lib/gcc/arm-none-eabi/9.3.1/../../../../arm-none-eabi/lib/thumb/v7e-m+fp/hard/crt0.o
LOAD Core/Src/color.o
LOAD Core/Src/keypad.o
LOAD Core/Src/main.o
LOAD Core/Src/progress_bar.o
LOAD Core/Src/progress_display.o
LOAD Core/Src/stm32_tm1637.o
LOAD Core/Src/stm32f4xx_hal_msp.o
LOAD Core/Src/stm32f4xx_it.o
LOAD Core/Src/syscalls.o
LOAD Core/Src/sysmem.o
LOAD Core/Src/system_stm32f4xx.o
LOAD Core/Src/toster_display.o
LOAD Core/Startup/startup_stm32f401ccux.o
LOAD Drivers/STM32F4xx_HAL_Driver/Src/stm32f4xx_hal.o
LOAD Drivers/STM32F4xx_HAL_Driver/Src/stm32f4xx_hal_cortex.o
LOAD Drivers/STM32F4xx_HAL_Driver/Src/stm32f4xx_hal_dma.o
LOAD Drivers/STM32F4xx_HAL_Driver/Src/stm32f4xx_hal_dma_ex.o
LOAD Drivers/STM32F4xx_HAL_Driver/Src/stm32f4xx_hal_exti.o
LOAD Drivers/STM32F4xx_HAL_Driver/Src/stm32f4xx_hal_flash.o
LOAD Drivers/STM32F4xx_HAL_Driver/Src/stm32f4xx_hal_flash_ex.o
LOAD Drivers/STM32F4xx_HAL_Driver/Src/stm32f4xx_hal_flash_ramfunc.o
LOAD Drivers/STM32F4xx_HAL_Driver/Src/stm32f4xx_hal_gpio.o
LOAD Drivers/STM32F4xx_HAL_Driver/Src/stm32f4xx_hal_pcd.o
LOAD Drivers/STM32F4xx_HAL_Driver/Src/stm32f4xx_hal_pcd_ex.o
LOAD Drivers/STM32F4xx_HAL_Driver/Src/stm32f4xx_hal_pwr.o
LOAD Drivers/STM32F4xx_HAL_Driver/Src/stm32f4xx_hal_pwr_ex.o
LOAD Drivers/STM32F4xx_HAL_Driver/Src/stm32f4xx_hal_rcc.o
LOAD Drivers/STM32F4xx_HAL_Driver/Src/stm32f4xx_hal_rcc_ex.o
LOAD Drivers/STM32F4xx_HAL_Driver/Src/stm32f4xx_hal_tim.o
LOAD Drivers/STM32F4xx_HAL_Driver/Src/stm32f4xx_hal_tim_ex.o
LOAD Drivers/STM32F4xx_HAL_Driver/Src/stm32f4xx_ll_usb.o
LOAD Middlewares/ST/STM32_USB_Device_Library/Class/CDC/Src/usbd_cdc.o
LOAD Middlewares/ST/STM32_USB_Device_Library/Core/Src/usbd_core.o
LOAD Middlewares/ST/STM32_USB_Device_Library/Core/Src/usbd_ctlreq.o
LOAD Middlewares/ST/STM32_USB_Device_Library/Core/Src/usbd_ioreq.o
LOAD USB_DEVICE/App/usb_device.o
LOAD USB_DEVICE/App/usbd_cdc_if.o
LOAD USB_DEVICE/App/usbd_desc.o
LOAD USB_DEVICE/Target/usbd_conf.o
START GROUP
LOAD d:/programy/stm32cubeide_1.6.1/stm32cubeide/plugins/com.st.stm32cube.ide.mcu.externaltools.gnu-tools-for-stm32.9-2020-q2-update.win32_1.5.0.202011040924/tools/bin/../lib/gcc/arm-none-eabi/9.3.1/../../../../arm-none-eabi/lib/thumb/v7e-m+fp/hard\libstdc++_nano.a
LOAD d:/programy/stm32cubeide_1.6.1/stm32cubeide/plugins/com.st.stm32cube.ide.mcu.externaltools.gnu-tools-for-stm32.9-2020-q2-update.win32_1.5.0.202011040924/tools/bin/../lib/gcc/arm-none-eabi/9.3.1/../../../../arm-none-eabi/lib/thumb/v7e-m+fp/hard\libsupc++_nano.a
END GROUP
LOAD d:/programy/stm32cubeide_1.6.1/stm32cubeide/plugins/com.st.stm32cube.ide.mcu.externaltools.gnu-tools-for-stm32.9-2020-q2-update.win32_1.5.0.202011040924/tools/bin/../lib/gcc/arm-none-eabi/9.3.1/../../../../arm-none-eabi/lib/thumb/v7e-m+fp/hard\libstdc++_nano.a
LOAD d:/programy/stm32cubeide_1.6.1/stm32cubeide/plugins/com.st.stm32cube.ide.mcu.externaltools.gnu-tools-for-stm32.9-2020-q2-update.win32_1.5.0.202011040924/tools/bin/../lib/gcc/arm-none-eabi/9.3.1/../../../../arm-none-eabi/lib/thumb/v7e-m+fp/hard\libm.a
LOAD d:/programy/stm32cubeide_1.6.1/stm32cubeide/plugins/com.st.stm32cube.ide.mcu.externaltools.gnu-tools-for-stm32.9-2020-q2-update.win32_1.5.0.202011040924/tools/bin/../lib/gcc/arm-none-eabi/9.3.1/../../../../arm-none-eabi/lib/thumb/v7e-m+fp/hard\libc_nano.a
START GROUP
LOAD d:/programy/stm32cubeide_1.6.1/stm32cubeide/plugins/com.st.stm32cube.ide.mcu.externaltools.gnu-tools-for-stm32.9-2020-q2-update.win32_1.5.0.202011040924/tools/bin/../lib/gcc/arm-none-eabi/9.3.1/thumb/v7e-m+fp/hard\libgcc.a
LOAD d:/programy/stm32cubeide_1.6.1/stm32cubeide/plugins/com.st.stm32cube.ide.mcu.externaltools.gnu-tools-for-stm32.9-2020-q2-update.win32_1.5.0.202011040924/tools/bin/../lib/gcc/arm-none-eabi/9.3.1/../../../../arm-none-eabi/lib/thumb/v7e-m+fp/hard\libc_nano.a
END GROUP
START GROUP
LOAD d:/programy/stm32cubeide_1.6.1/stm32cubeide/plugins/com.st.stm32cube.ide.mcu.externaltools.gnu-tools-for-stm32.9-2020-q2-update.win32_1.5.0.202011040924/tools/bin/../lib/gcc/arm-none-eabi/9.3.1/thumb/v7e-m+fp/hard\libgcc.a
LOAD d:/programy/stm32cubeide_1.6.1/stm32cubeide/plugins/com.st.stm32cube.ide.mcu.externaltools.gnu-tools-for-stm32.9-2020-q2-update.win32_1.5.0.202011040924/tools/bin/../lib/gcc/arm-none-eabi/9.3.1/../../../../arm-none-eabi/lib/thumb/v7e-m+fp/hard\libc_nano.a
LOAD d:/programy/stm32cubeide_1.6.1/stm32cubeide/plugins/com.st.stm32cube.ide.mcu.externaltools.gnu-tools-for-stm32.9-2020-q2-update.win32_1.5.0.202011040924/tools/bin/../lib/gcc/arm-none-eabi/9.3.1/../../../../arm-none-eabi/lib/thumb/v7e-m+fp/hard\libnosys.a
END GROUP
START GROUP
LOAD d:/programy/stm32cubeide_1.6.1/stm32cubeide/plugins/com.st.stm32cube.ide.mcu.externaltools.gnu-tools-for-stm32.9-2020-q2-update.win32_1.5.0.202011040924/tools/bin/../lib/gcc/arm-none-eabi/9.3.1/thumb/v7e-m+fp/hard\libgcc.a
LOAD d:/programy/stm32cubeide_1.6.1/stm32cubeide/plugins/com.st.stm32cube.ide.mcu.externaltools.gnu-tools-for-stm32.9-2020-q2-update.win32_1.5.0.202011040924/tools/bin/../lib/gcc/arm-none-eabi/9.3.1/../../../../arm-none-eabi/lib/thumb/v7e-m+fp/hard\libc_nano.a
LOAD d:/programy/stm32cubeide_1.6.1/stm32cubeide/plugins/com.st.stm32cube.ide.mcu.externaltools.gnu-tools-for-stm32.9-2020-q2-update.win32_1.5.0.202011040924/tools/bin/../lib/gcc/arm-none-eabi/9.3.1/../../../../arm-none-eabi/lib/thumb/v7e-m+fp/hard\libnosys.a
END GROUP
LOAD d:/programy/stm32cubeide_1.6.1/stm32cubeide/plugins/com.st.stm32cube.ide.mcu.externaltools.gnu-tools-for-stm32.9-2020-q2-update.win32_1.5.0.202011040924/tools/bin/../lib/gcc/arm-none-eabi/9.3.1/thumb/v7e-m+fp/hard/crtend.o
LOAD d:/programy/stm32cubeide_1.6.1/stm32cubeide/plugins/com.st.stm32cube.ide.mcu.externaltools.gnu-tools-for-stm32.9-2020-q2-update.win32_1.5.0.202011040924/tools/bin/../lib/gcc/arm-none-eabi/9.3.1/thumb/v7e-m+fp/hard/crtn.o
                0x0000000020010000                _estack = (ORIGIN (RAM) + LENGTH (RAM))
                0x0000000000000200                _Min_Heap_Size = 0x200
                0x0000000000000400                _Min_Stack_Size = 0x400

.isr_vector     0x0000000008000000      0x194
                0x0000000008000000                . = ALIGN (0x4)
 *(.isr_vector)
 .isr_vector    0x0000000008000000      0x194 Core/Startup/startup_stm32f401ccux.o
                0x0000000008000000                g_pfnVectors
                0x0000000008000194                . = ALIGN (0x4)

.text           0x00000000080001a0     0xa08c
                0x00000000080001a0                . = ALIGN (0x4)
 *(.text)
 .text          0x00000000080001a0       0x40 d:/programy/stm32cubeide_1.6.1/stm32cubeide/plugins/com.st.stm32cube.ide.mcu.externaltools.gnu-tools-for-stm32.9-2020-q2-update.win32_1.5.0.202011040924/tools/bin/../lib/gcc/arm-none-eabi/9.3.1/thumb/v7e-m+fp/hard/crtbegin.o
 .text          0x00000000080001e0       0xa0 d:/programy/stm32cubeide_1.6.1/stm32cubeide/plugins/com.st.stm32cube.ide.mcu.externaltools.gnu-tools-for-stm32.9-2020-q2-update.win32_1.5.0.202011040924/tools/bin/../lib/gcc/arm-none-eabi/9.3.1/../../../../arm-none-eabi/lib/thumb/v7e-m+fp/hard\libc_nano.a(lib_a-memchr.o)
                0x00000000080001e0                memchr
 .text          0x0000000008000280       0x30 d:/programy/stm32cubeide_1.6.1/stm32cubeide/plugins/com.st.stm32cube.ide.mcu.externaltools.gnu-tools-for-stm32.9-2020-q2-update.win32_1.5.0.202011040924/tools/bin/../lib/gcc/arm-none-eabi/9.3.1/thumb/v7e-m+fp/hard\libgcc.a(_aeabi_uldivmod.o)
                0x0000000008000280                __aeabi_uldivmod
 .text          0x00000000080002b0      0x2c4 d:/programy/stm32cubeide_1.6.1/stm32cubeide/plugins/com.st.stm32cube.ide.mcu.externaltools.gnu-tools-for-stm32.9-2020-q2-update.win32_1.5.0.202011040924/tools/bin/../lib/gcc/arm-none-eabi/9.3.1/thumb/v7e-m+fp/hard\libgcc.a(_udivmoddi4.o)
                0x00000000080002b0                __udivmoddi4
 .text          0x0000000008000574        0x4 d:/programy/stm32cubeide_1.6.1/stm32cubeide/plugins/com.st.stm32cube.ide.mcu.externaltools.gnu-tools-for-stm32.9-2020-q2-update.win32_1.5.0.202011040924/tools/bin/../lib/gcc/arm-none-eabi/9.3.1/thumb/v7e-m+fp/hard\libgcc.a(_dvmd_tls.o)
                0x0000000008000574                __aeabi_idiv0
                0x0000000008000574                __aeabi_ldiv0
 *(.text*)
 .text.HueToRGB
                0x0000000008000578      0x10c Core/Src/color.o
                0x0000000008000578                HueToRGB
 .text.HSLToRGB
                0x0000000008000684      0x1c8 Core/Src/color.o
                0x0000000008000684                HSLToRGB
 .text.scan     0x000000000800084c       0x9c Core/Src/keypad.o
                0x000000000800084c                scan
 .text.updateKeypad
                0x00000000080008e8       0xac Core/Src/keypad.o
                0x00000000080008e8                updateKeypad
 .text.resetKeypad
                0x0000000008000994       0x24 Core/Src/keypad.o
                0x0000000008000994                resetKeypad
 .text.checkReadiness
                0x00000000080009b8       0x30 Core/Src/keypad.o
                0x00000000080009b8                checkReadiness
 .text.checkNumber
                0x00000000080009e8       0x18 Core/Src/keypad.o
                0x00000000080009e8                checkNumber
 .text.checkLetter
                0x0000000008000a00       0x18 Core/Src/keypad.o
                0x0000000008000a00                checkLetter
 .text.keypadEnterTime
                0x0000000008000a18       0x20 Core/Src/keypad.o
                0x0000000008000a18                keypadEnterTime
 .text.main     0x0000000008000a38      0x1b4 Core/Src/main.o
                0x0000000008000a38                main
 .text.SystemClock_Config
                0x0000000008000bec       0xd8 Core/Src/main.o
                0x0000000008000bec                SystemClock_Config
 .text.MX_TIM2_Init
                0x0000000008000cc4       0xe8 Core/Src/main.o
 .text.MX_TIM3_Init
                0x0000000008000dac       0x9c Core/Src/main.o
 .text.MX_TIM5_Init
                0x0000000008000e48       0x9c Core/Src/main.o
 .text.MX_DMA_Init
                0x0000000008000ee4       0x40 Core/Src/main.o
 .text.MX_GPIO_Init
                0x0000000008000f24      0x14c Core/Src/main.o
 .text.Error_Handler
                0x0000000008001070        0xa Core/Src/main.o
                0x0000000008001070                Error_Handler
 *fill*         0x000000000800107a        0x2 
 .text.initialize_bar
                0x000000000800107c       0x24 Core/Src/progress_bar.o
                0x000000000800107c                initialize_bar
 .text.write_binary
                0x00000000080010a0       0x5a Core/Src/progress_bar.o
                0x00000000080010a0                write_binary
 *fill*         0x00000000080010fa        0x2 
 .text.set_color
                0x00000000080010fc       0x54 Core/Src/progress_bar.o
                0x00000000080010fc                set_color
 .text.update_bar
                0x0000000008001150       0x20 Core/Src/progress_bar.o
                0x0000000008001150                update_bar
 .text.set_color_all
                0x0000000008001170       0x2c Core/Src/progress_bar.o
                0x0000000008001170                set_color_all
 .text.clear_bar
                0x000000000800119c       0x14 Core/Src/progress_bar.o
                0x000000000800119c                clear_bar
 .text.blink    0x00000000080011b0       0x46 Core/Src/progress_bar.o
                0x00000000080011b0                blink
 *fill*         0x00000000080011f6        0x2 
 .text.clear_progress
                0x00000000080011f8       0x18 Core/Src/progress_display.o
                0x00000000080011f8                clear_progress
 .text.update_progress
                0x0000000008001210       0x78 Core/Src/progress_display.o
                0x0000000008001210                update_progress
 .text.update_up_to
                0x0000000008001288       0x28 Core/Src/progress_display.o
                0x0000000008001288                update_up_to
 .text.run_progress_bar
                0x00000000080012b0       0x5c Core/Src/progress_display.o
                0x00000000080012b0                run_progress_bar
 .text.dupa     0x000000000800130c       0x38 Core/Src/progress_display.o
                0x000000000800130c                dupa
 .text.tm1637Init
                0x0000000008001344       0x90 Core/Src/stm32_tm1637.o
                0x0000000008001344                tm1637Init
 .text.tm1637DisplayDecimal
                0x00000000080013d4      0x108 Core/Src/stm32_tm1637.o
                0x00000000080013d4                tm1637DisplayDecimal
 .text.tm1637SetBrightness
                0x00000000080014dc       0x2a Core/Src/stm32_tm1637.o
                0x00000000080014dc                tm1637SetBrightness
 .text._tm1637Start
                0x0000000008001506       0x1a Core/Src/stm32_tm1637.o
                0x0000000008001506                _tm1637Start
 .text._tm1637Stop
                0x0000000008001520       0x2a Core/Src/stm32_tm1637.o
                0x0000000008001520                _tm1637Stop
 .text._tm1637ReadResult
                0x000000000800154a       0x20 Core/Src/stm32_tm1637.o
                0x000000000800154a                _tm1637ReadResult
 .text._tm1637WriteByte
                0x000000000800156a       0x54 Core/Src/stm32_tm1637.o
                0x000000000800156a                _tm1637WriteByte
 .text._tm1637DelayUsec
                0x00000000080015be       0x38 Core/Src/stm32_tm1637.o
                0x00000000080015be                _tm1637DelayUsec
 *fill*         0x00000000080015f6        0x2 
 .text._tm1637ClkHigh
                0x00000000080015f8       0x18 Core/Src/stm32_tm1637.o
                0x00000000080015f8                _tm1637ClkHigh
 .text._tm1637ClkLow
                0x0000000008001610       0x18 Core/Src/stm32_tm1637.o
                0x0000000008001610                _tm1637ClkLow
 .text._tm1637DioHigh
                0x0000000008001628       0x18 Core/Src/stm32_tm1637.o
                0x0000000008001628                _tm1637DioHigh
 .text._tm1637DioLow
                0x0000000008001640       0x18 Core/Src/stm32_tm1637.o
                0x0000000008001640                _tm1637DioLow
 .text.HAL_MspInit
                0x0000000008001658       0x50 Core/Src/stm32f4xx_hal_msp.o
                0x0000000008001658                HAL_MspInit
 .text.HAL_TIM_Base_MspInit
                0x00000000080016a8      0x11c Core/Src/stm32f4xx_hal_msp.o
                0x00000000080016a8                HAL_TIM_Base_MspInit
 .text.HAL_TIM_MspPostInit
                0x00000000080017c4       0x70 Core/Src/stm32f4xx_hal_msp.o
                0x00000000080017c4                HAL_TIM_MspPostInit
 .text.NMI_Handler
                0x0000000008001834        0x6 Core/Src/stm32f4xx_it.o
                0x0000000008001834                NMI_Handler
 .text.HardFault_Handler
                0x000000000800183a        0x6 Core/Src/stm32f4xx_it.o
                0x000000000800183a                HardFault_Handler
 .text.MemManage_Handler
                0x0000000008001840        0x6 Core/Src/stm32f4xx_it.o
                0x0000000008001840                MemManage_Handler
 .text.BusFault_Handler
                0x0000000008001846        0x6 Core/Src/stm32f4xx_it.o
                0x0000000008001846                BusFault_Handler
 .text.UsageFault_Handler
                0x000000000800184c        0x6 Core/Src/stm32f4xx_it.o
                0x000000000800184c                UsageFault_Handler
 .text.SVC_Handler
                0x0000000008001852        0xe Core/Src/stm32f4xx_it.o
                0x0000000008001852                SVC_Handler
 .text.DebugMon_Handler
                0x0000000008001860        0xe Core/Src/stm32f4xx_it.o
                0x0000000008001860                DebugMon_Handler
 .text.PendSV_Handler
                0x000000000800186e        0xe Core/Src/stm32f4xx_it.o
                0x000000000800186e                PendSV_Handler
 .text.SysTick_Handler
                0x000000000800187c        0xc Core/Src/stm32f4xx_it.o
                0x000000000800187c                SysTick_Handler
 .text.DMA1_Stream5_IRQHandler
                0x0000000008001888       0x14 Core/Src/stm32f4xx_it.o
                0x0000000008001888                DMA1_Stream5_IRQHandler
 .text.TIM3_IRQHandler
                0x000000000800189c       0x14 Core/Src/stm32f4xx_it.o
                0x000000000800189c                TIM3_IRQHandler
 .text.TIM5_IRQHandler
                0x00000000080018b0       0x14 Core/Src/stm32f4xx_it.o
                0x00000000080018b0                TIM5_IRQHandler
 .text.OTG_FS_IRQHandler
                0x00000000080018c4       0x14 Core/Src/stm32f4xx_it.o
                0x00000000080018c4                OTG_FS_IRQHandler
 .text._read    0x00000000080018d8       0x3a Core/Src/syscalls.o
                0x00000000080018d8                _read
 .text._write   0x0000000008001912       0x1e Core/Src/syscalls.o
                0x0000000008001912                _write
 .text._close   0x0000000008001930       0x18 Core/Src/syscalls.o
                0x0000000008001930                _close
 .text._fstat   0x0000000008001948       0x20 Core/Src/syscalls.o
                0x0000000008001948                _fstat
 .text._isatty  0x0000000008001968       0x16 Core/Src/syscalls.o
                0x0000000008001968                _isatty
 .text._lseek   0x000000000800197e       0x1a Core/Src/syscalls.o
                0x000000000800197e                _lseek
 .text._sbrk    0x0000000008001998       0x6c Core/Src/sysmem.o
                0x0000000008001998                _sbrk
 .text.SystemInit
                0x0000000008001a04       0x24 Core/Src/system_stm32f4xx.o
                0x0000000008001a04                SystemInit
 .text.tosterDisplayInit
                0x0000000008001a28       0x1e Core/Src/toster_display.o
                0x0000000008001a28                tosterDisplayInit
 *fill*         0x0000000008001a46        0x2 
 .text.resetTimer
                0x0000000008001a48       0x2c Core/Src/toster_display.o
                0x0000000008001a48                resetTimer
 .text.tosterSetTime
                0x0000000008001a74       0x28 Core/Src/toster_display.o
                0x0000000008001a74                tosterSetTime
 .text.tosterTimerHasFinished
                0x0000000008001a9c       0x18 Core/Src/toster_display.o
                0x0000000008001a9c                tosterTimerHasFinished
 .text.getTime  0x0000000008001ab4       0x18 Core/Src/toster_display.o
                0x0000000008001ab4                getTime
 .text.tosterTimerStart
                0x0000000008001acc       0x18 Core/Src/toster_display.o
                0x0000000008001acc                tosterTimerStart
 .text.tosterTimerBlinkMode
                0x0000000008001ae4       0x20 Core/Src/toster_display.o
                0x0000000008001ae4                tosterTimerBlinkMode
 .text.tosterDisplayTime
                0x0000000008001b04       0x94 Core/Src/toster_display.o
                0x0000000008001b04                tosterDisplayTime
 .text.tosterDisplayNumber
                0x0000000008001b98       0x2c Core/Src/toster_display.o
                0x0000000008001b98                tosterDisplayNumber
 .text.HAL_TIM_PeriodElapsedCallback
                0x0000000008001bc4       0x88 Core/Src/toster_display.o
                0x0000000008001bc4                HAL_TIM_PeriodElapsedCallback
 .text.Reset_Handler
                0x0000000008001c4c       0x50 Core/Startup/startup_stm32f401ccux.o
                0x0000000008001c4c                Reset_Handler
 .text.Default_Handler
                0x0000000008001c9c        0x2 Core/Startup/startup_stm32f401ccux.o
                0x0000000008001c9c                RTC_Alarm_IRQHandler
                0x0000000008001c9c                EXTI2_IRQHandler
                0x0000000008001c9c                SPI4_IRQHandler
                0x0000000008001c9c                TIM1_CC_IRQHandler
                0x0000000008001c9c                DMA2_Stream5_IRQHandler
                0x0000000008001c9c                PVD_IRQHandler
                0x0000000008001c9c                SDIO_IRQHandler
                0x0000000008001c9c                TAMP_STAMP_IRQHandler
                0x0000000008001c9c                EXTI3_IRQHandler
                0x0000000008001c9c                TIM1_UP_TIM10_IRQHandler
                0x0000000008001c9c                I2C3_ER_IRQHandler
                0x0000000008001c9c                EXTI0_IRQHandler
                0x0000000008001c9c                I2C2_EV_IRQHandler
                0x0000000008001c9c                DMA1_Stream2_IRQHandler
                0x0000000008001c9c                FPU_IRQHandler
                0x0000000008001c9c                DMA2_Stream2_IRQHandler
                0x0000000008001c9c                SPI1_IRQHandler
                0x0000000008001c9c                TIM1_BRK_TIM9_IRQHandler
                0x0000000008001c9c                DMA2_Stream3_IRQHandler
                0x0000000008001c9c                USART6_IRQHandler
                0x0000000008001c9c                DMA2_Stream0_IRQHandler
                0x0000000008001c9c                TIM4_IRQHandler
                0x0000000008001c9c                I2C1_EV_IRQHandler
                0x0000000008001c9c                DMA1_Stream6_IRQHandler
                0x0000000008001c9c                DMA1_Stream1_IRQHandler
                0x0000000008001c9c                RCC_IRQHandler
                0x0000000008001c9c                Default_Handler
                0x0000000008001c9c                EXTI15_10_IRQHandler
                0x0000000008001c9c                ADC_IRQHandler
                0x0000000008001c9c                DMA1_Stream7_IRQHandler
                0x0000000008001c9c                DMA2_Stream7_IRQHandler
                0x0000000008001c9c                I2C3_EV_IRQHandler
                0x0000000008001c9c                EXTI9_5_IRQHandler
                0x0000000008001c9c                RTC_WKUP_IRQHandler
                0x0000000008001c9c                SPI2_IRQHandler
                0x0000000008001c9c                DMA1_Stream0_IRQHandler
                0x0000000008001c9c                EXTI4_IRQHandler
                0x0000000008001c9c                WWDG_IRQHandler
                0x0000000008001c9c                TIM2_IRQHandler
                0x0000000008001c9c                OTG_FS_WKUP_IRQHandler
                0x0000000008001c9c                TIM1_TRG_COM_TIM11_IRQHandler
                0x0000000008001c9c                EXTI1_IRQHandler
                0x0000000008001c9c                USART2_IRQHandler
                0x0000000008001c9c                I2C2_ER_IRQHandler
                0x0000000008001c9c                DMA2_Stream1_IRQHandler
                0x0000000008001c9c                FLASH_IRQHandler
                0x0000000008001c9c                DMA2_Stream4_IRQHandler
                0x0000000008001c9c                USART1_IRQHandler
                0x0000000008001c9c                SPI3_IRQHandler
                0x0000000008001c9c                DMA1_Stream4_IRQHandler
                0x0000000008001c9c                I2C1_ER_IRQHandler
                0x0000000008001c9c                DMA2_Stream6_IRQHandler
                0x0000000008001c9c                DMA1_Stream3_IRQHandler
 *fill*         0x0000000008001c9e        0x2 
 .text.HAL_Init
                0x0000000008001ca0       0x44 Drivers/STM32F4xx_HAL_Driver/Src/stm32f4xx_hal.o
                0x0000000008001ca0                HAL_Init
 .text.HAL_InitTick
                0x0000000008001ce4       0x60 Drivers/STM32F4xx_HAL_Driver/Src/stm32f4xx_hal.o
                0x0000000008001ce4                HAL_InitTick
 .text.HAL_IncTick
                0x0000000008001d44       0x28 Drivers/STM32F4xx_HAL_Driver/Src/stm32f4xx_hal.o
                0x0000000008001d44                HAL_IncTick
 .text.HAL_GetTick
                0x0000000008001d6c       0x18 Drivers/STM32F4xx_HAL_Driver/Src/stm32f4xx_hal.o
                0x0000000008001d6c                HAL_GetTick
 .text.HAL_Delay
                0x0000000008001d84       0x48 Drivers/STM32F4xx_HAL_Driver/Src/stm32f4xx_hal.o
                0x0000000008001d84                HAL_Delay
 .text.__NVIC_SetPriorityGrouping
                0x0000000008001dcc       0x48 Drivers/STM32F4xx_HAL_Driver/Src/stm32f4xx_hal_cortex.o
 .text.__NVIC_GetPriorityGrouping
                0x0000000008001e14       0x1c Drivers/STM32F4xx_HAL_Driver/Src/stm32f4xx_hal_cortex.o
 .text.__NVIC_EnableIRQ
                0x0000000008001e30       0x3c Drivers/STM32F4xx_HAL_Driver/Src/stm32f4xx_hal_cortex.o
 .text.__NVIC_SetPriority
                0x0000000008001e6c       0x54 Drivers/STM32F4xx_HAL_Driver/Src/stm32f4xx_hal_cortex.o
 .text.NVIC_EncodePriority
                0x0000000008001ec0       0x66 Drivers/STM32F4xx_HAL_Driver/Src/stm32f4xx_hal_cortex.o
 *fill*         0x0000000008001f26        0x2 
 .text.SysTick_Config
                0x0000000008001f28       0x44 Drivers/STM32F4xx_HAL_Driver/Src/stm32f4xx_hal_cortex.o
 .text.HAL_NVIC_SetPriorityGrouping
                0x0000000008001f6c       0x16 Drivers/STM32F4xx_HAL_Driver/Src/stm32f4xx_hal_cortex.o
                0x0000000008001f6c                HAL_NVIC_SetPriorityGrouping
 .text.HAL_NVIC_SetPriority
                0x0000000008001f82       0x38 Drivers/STM32F4xx_HAL_Driver/Src/stm32f4xx_hal_cortex.o
                0x0000000008001f82                HAL_NVIC_SetPriority
 .text.HAL_NVIC_EnableIRQ
                0x0000000008001fba       0x1c Drivers/STM32F4xx_HAL_Driver/Src/stm32f4xx_hal_cortex.o
                0x0000000008001fba                HAL_NVIC_EnableIRQ
 .text.HAL_SYSTICK_Config
                0x0000000008001fd6       0x18 Drivers/STM32F4xx_HAL_Driver/Src/stm32f4xx_hal_cortex.o
                0x0000000008001fd6                HAL_SYSTICK_Config
 *fill*         0x0000000008001fee        0x2 
 .text.HAL_DMA_Init
                0x0000000008001ff0      0x15c Drivers/STM32F4xx_HAL_Driver/Src/stm32f4xx_hal_dma.o
                0x0000000008001ff0                HAL_DMA_Init
 .text.HAL_DMA_Start_IT
                0x000000000800214c       0xb0 Drivers/STM32F4xx_HAL_Driver/Src/stm32f4xx_hal_dma.o
                0x000000000800214c                HAL_DMA_Start_IT
 .text.HAL_DMA_IRQHandler
                0x00000000080021fc      0x314 Drivers/STM32F4xx_HAL_Driver/Src/stm32f4xx_hal_dma.o
                0x00000000080021fc                HAL_DMA_IRQHandler
 .text.DMA_SetConfig
                0x0000000008002510       0x5c Drivers/STM32F4xx_HAL_Driver/Src/stm32f4xx_hal_dma.o
 .text.DMA_CalcBaseAndBitshift
                0x000000000800256c       0x6c Drivers/STM32F4xx_HAL_Driver/Src/stm32f4xx_hal_dma.o
 .text.DMA_CheckFifoParam
                0x00000000080025d8       0xf8 Drivers/STM32F4xx_HAL_Driver/Src/stm32f4xx_hal_dma.o
 .text.HAL_GPIO_Init
                0x00000000080026d0      0x308 Drivers/STM32F4xx_HAL_Driver/Src/stm32f4xx_hal_gpio.o
                0x00000000080026d0                HAL_GPIO_Init
 .text.HAL_GPIO_ReadPin
                0x00000000080029d8       0x30 Drivers/STM32F4xx_HAL_Driver/Src/stm32f4xx_hal_gpio.o
                0x00000000080029d8                HAL_GPIO_ReadPin
 .text.HAL_GPIO_WritePin
                0x0000000008002a08       0x32 Drivers/STM32F4xx_HAL_Driver/Src/stm32f4xx_hal_gpio.o
                0x0000000008002a08                HAL_GPIO_WritePin
 .text.HAL_PCD_Init
                0x0000000008002a3a      0x23a Drivers/STM32F4xx_HAL_Driver/Src/stm32f4xx_hal_pcd.o
                0x0000000008002a3a                HAL_PCD_Init
 .text.HAL_PCD_Start
                0x0000000008002c74       0x66 Drivers/STM32F4xx_HAL_Driver/Src/stm32f4xx_hal_pcd.o
                0x0000000008002c74                HAL_PCD_Start
 .text.HAL_PCD_IRQHandler
                0x0000000008002cda      0x764 Drivers/STM32F4xx_HAL_Driver/Src/stm32f4xx_hal_pcd.o
                0x0000000008002cda                HAL_PCD_IRQHandler
 .text.HAL_PCD_SetAddress
                0x000000000800343e       0x4a Drivers/STM32F4xx_HAL_Driver/Src/stm32f4xx_hal_pcd.o
                0x000000000800343e                HAL_PCD_SetAddress
 .text.HAL_PCD_EP_Open
                0x0000000008003488       0xd0 Drivers/STM32F4xx_HAL_Driver/Src/stm32f4xx_hal_pcd.o
                0x0000000008003488                HAL_PCD_EP_Open
 .text.HAL_PCD_EP_Close
                0x0000000008003558       0x94 Drivers/STM32F4xx_HAL_Driver/Src/stm32f4xx_hal_pcd.o
                0x0000000008003558                HAL_PCD_EP_Close
 .text.HAL_PCD_EP_Receive
                0x00000000080035ec       0x96 Drivers/STM32F4xx_HAL_Driver/Src/stm32f4xx_hal_pcd.o
                0x00000000080035ec                HAL_PCD_EP_Receive
 .text.HAL_PCD_EP_GetRxCount
                0x0000000008003682       0x30 Drivers/STM32F4xx_HAL_Driver/Src/stm32f4xx_hal_pcd.o
                0x0000000008003682                HAL_PCD_EP_GetRxCount
 .text.HAL_PCD_EP_Transmit
                0x00000000080036b2       0x94 Drivers/STM32F4xx_HAL_Driver/Src/stm32f4xx_hal_pcd.o
                0x00000000080036b2                HAL_PCD_EP_Transmit
 .text.HAL_PCD_EP_SetStall
                0x0000000008003746       0xc8 Drivers/STM32F4xx_HAL_Driver/Src/stm32f4xx_hal_pcd.o
                0x0000000008003746                HAL_PCD_EP_SetStall
 .text.HAL_PCD_EP_ClrStall
                0x000000000800380e       0xac Drivers/STM32F4xx_HAL_Driver/Src/stm32f4xx_hal_pcd.o
                0x000000000800380e                HAL_PCD_EP_ClrStall
 .text.PCD_WriteEmptyTxFifo
                0x00000000080038ba      0x11a Drivers/STM32F4xx_HAL_Driver/Src/stm32f4xx_hal_pcd.o
 .text.PCD_EP_OutXfrComplete_int
                0x00000000080039d4      0x218 Drivers/STM32F4xx_HAL_Driver/Src/stm32f4xx_hal_pcd.o
 .text.PCD_EP_OutSetupPacket_int
                0x0000000008003bec       0x8c Drivers/STM32F4xx_HAL_Driver/Src/stm32f4xx_hal_pcd.o
 .text.HAL_PCDEx_SetTxFiFo
                0x0000000008003c78       0x8e Drivers/STM32F4xx_HAL_Driver/Src/stm32f4xx_hal_pcd_ex.o
                0x0000000008003c78                HAL_PCDEx_SetTxFiFo
 .text.HAL_PCDEx_SetRxFiFo
                0x0000000008003d06       0x22 Drivers/STM32F4xx_HAL_Driver/Src/stm32f4xx_hal_pcd_ex.o
                0x0000000008003d06                HAL_PCDEx_SetRxFiFo
 .text.HAL_PCDEx_LPM_Callback
                0x0000000008003d28       0x18 Drivers/STM32F4xx_HAL_Driver/Src/stm32f4xx_hal_pcd_ex.o
                0x0000000008003d28                HAL_PCDEx_LPM_Callback
 .text.HAL_RCC_OscConfig
                0x0000000008003d40      0x4f0 Drivers/STM32F4xx_HAL_Driver/Src/stm32f4xx_hal_rcc.o
                0x0000000008003d40                HAL_RCC_OscConfig
 .text.HAL_RCC_ClockConfig
                0x0000000008004230      0x1cc Drivers/STM32F4xx_HAL_Driver/Src/stm32f4xx_hal_rcc.o
                0x0000000008004230                HAL_RCC_ClockConfig
 .text.HAL_RCC_GetSysClockFreq
                0x00000000080043fc      0x16c Drivers/STM32F4xx_HAL_Driver/Src/stm32f4xx_hal_rcc.o
                0x00000000080043fc                HAL_RCC_GetSysClockFreq
 .text.HAL_RCC_GetHCLKFreq
                0x0000000008004568       0x18 Drivers/STM32F4xx_HAL_Driver/Src/stm32f4xx_hal_rcc.o
                0x0000000008004568                HAL_RCC_GetHCLKFreq
 .text.HAL_TIM_Base_Init
                0x0000000008004580       0x9e Drivers/STM32F4xx_HAL_Driver/Src/stm32f4xx_hal_tim.o
                0x0000000008004580                HAL_TIM_Base_Init
 *fill*         0x000000000800461e        0x2 
 .text.HAL_TIM_Base_Start_IT
                0x0000000008004620       0xc4 Drivers/STM32F4xx_HAL_Driver/Src/stm32f4xx_hal_tim.o
                0x0000000008004620                HAL_TIM_Base_Start_IT
 .text.HAL_TIM_PWM_Init
                0x00000000080046e4       0x9e Drivers/STM32F4xx_HAL_Driver/Src/stm32f4xx_hal_tim.o
                0x00000000080046e4                HAL_TIM_PWM_Init
 .text.HAL_TIM_PWM_MspInit
                0x0000000008004782       0x14 Drivers/STM32F4xx_HAL_Driver/Src/stm32f4xx_hal_tim.o
                0x0000000008004782                HAL_TIM_PWM_MspInit
 *fill*         0x0000000008004796        0x2 
 .text.HAL_TIM_PWM_Start_DMA
                0x0000000008004798      0x360 Drivers/STM32F4xx_HAL_Driver/Src/stm32f4xx_hal_tim.o
                0x0000000008004798                HAL_TIM_PWM_Start_DMA
 .text.HAL_TIM_IRQHandler
                0x0000000008004af8      0x210 Drivers/STM32F4xx_HAL_Driver/Src/stm32f4xx_hal_tim.o
                0x0000000008004af8                HAL_TIM_IRQHandler
 .text.HAL_TIM_PWM_ConfigChannel
                0x0000000008004d08      0x184 Drivers/STM32F4xx_HAL_Driver/Src/stm32f4xx_hal_tim.o
                0x0000000008004d08                HAL_TIM_PWM_ConfigChannel
 .text.HAL_TIM_ConfigClockSource
                0x0000000008004e8c      0x18e Drivers/STM32F4xx_HAL_Driver/Src/stm32f4xx_hal_tim.o
                0x0000000008004e8c                HAL_TIM_ConfigClockSource
 .text.HAL_TIM_OC_DelayElapsedCallback
                0x000000000800501a       0x14 Drivers/STM32F4xx_HAL_Driver/Src/stm32f4xx_hal_tim.o
                0x000000000800501a                HAL_TIM_OC_DelayElapsedCallback
 .text.HAL_TIM_IC_CaptureCallback
                0x000000000800502e       0x14 Drivers/STM32F4xx_HAL_Driver/Src/stm32f4xx_hal_tim.o
                0x000000000800502e                HAL_TIM_IC_CaptureCallback
 .text.HAL_TIM_PWM_PulseFinishedCallback
                0x0000000008005042       0x14 Drivers/STM32F4xx_HAL_Driver/Src/stm32f4xx_hal_tim.o
                0x0000000008005042                HAL_TIM_PWM_PulseFinishedCallback
 .text.HAL_TIM_PWM_PulseFinishedHalfCpltCallback
                0x0000000008005056       0x14 Drivers/STM32F4xx_HAL_Driver/Src/stm32f4xx_hal_tim.o
                0x0000000008005056                HAL_TIM_PWM_PulseFinishedHalfCpltCallback
 .text.HAL_TIM_TriggerCallback
                0x000000000800506a       0x14 Drivers/STM32F4xx_HAL_Driver/Src/stm32f4xx_hal_tim.o
                0x000000000800506a                HAL_TIM_TriggerCallback
 .text.HAL_TIM_ErrorCallback
                0x000000000800507e       0x14 Drivers/STM32F4xx_HAL_Driver/Src/stm32f4xx_hal_tim.o
                0x000000000800507e                HAL_TIM_ErrorCallback
 .text.TIM_DMAError
                0x0000000008005092       0x92 Drivers/STM32F4xx_HAL_Driver/Src/stm32f4xx_hal_tim.o
                0x0000000008005092                TIM_DMAError
 .text.TIM_DMADelayPulseCplt
                0x0000000008005124       0xa8 Drivers/STM32F4xx_HAL_Driver/Src/stm32f4xx_hal_tim.o
 .text.TIM_DMADelayPulseHalfCplt
                0x00000000080051cc       0x68 Drivers/STM32F4xx_HAL_Driver/Src/stm32f4xx_hal_tim.o
                0x00000000080051cc                TIM_DMADelayPulseHalfCplt
 .text.TIM_Base_SetConfig
                0x0000000008005234      0x100 Drivers/STM32F4xx_HAL_Driver/Src/stm32f4xx_hal_tim.o
                0x0000000008005234                TIM_Base_SetConfig
 .text.TIM_OC1_SetConfig
                0x0000000008005334       0xcc Drivers/STM32F4xx_HAL_Driver/Src/stm32f4xx_hal_tim.o
 .text.TIM_OC2_SetConfig
                0x0000000008005400       0xd8 Drivers/STM32F4xx_HAL_Driver/Src/stm32f4xx_hal_tim.o
                0x0000000008005400                TIM_OC2_SetConfig
 .text.TIM_OC3_SetConfig
                0x00000000080054d8       0xd4 Drivers/STM32F4xx_HAL_Driver/Src/stm32f4xx_hal_tim.o
 .text.TIM_OC4_SetConfig
                0x00000000080055ac       0xa0 Drivers/STM32F4xx_HAL_Driver/Src/stm32f4xx_hal_tim.o
 .text.TIM_TI1_ConfigInputStage
                0x000000000800564c       0x5e Drivers/STM32F4xx_HAL_Driver/Src/stm32f4xx_hal_tim.o
 .text.TIM_TI2_ConfigInputStage
                0x00000000080056aa       0x60 Drivers/STM32F4xx_HAL_Driver/Src/stm32f4xx_hal_tim.o
 .text.TIM_ITRx_SetConfig
                0x000000000800570a       0x36 Drivers/STM32F4xx_HAL_Driver/Src/stm32f4xx_hal_tim.o
 .text.TIM_ETR_SetConfig
                0x0000000008005740       0x40 Drivers/STM32F4xx_HAL_Driver/Src/stm32f4xx_hal_tim.o
                0x0000000008005740                TIM_ETR_SetConfig
 .text.TIM_CCxChannelCmd
                0x0000000008005780       0x4a Drivers/STM32F4xx_HAL_Driver/Src/stm32f4xx_hal_tim.o
                0x0000000008005780                TIM_CCxChannelCmd
 *fill*         0x00000000080057ca        0x2 
 .text.HAL_TIMEx_MasterConfigSynchronization
                0x00000000080057cc       0xdc Drivers/STM32F4xx_HAL_Driver/Src/stm32f4xx_hal_tim_ex.o
                0x00000000080057cc                HAL_TIMEx_MasterConfigSynchronization
 .text.HAL_TIMEx_CommutCallback
                0x00000000080058a8       0x14 Drivers/STM32F4xx_HAL_Driver/Src/stm32f4xx_hal_tim_ex.o
                0x00000000080058a8                HAL_TIMEx_CommutCallback
 .text.HAL_TIMEx_BreakCallback
                0x00000000080058bc       0x14 Drivers/STM32F4xx_HAL_Driver/Src/stm32f4xx_hal_tim_ex.o
                0x00000000080058bc                HAL_TIMEx_BreakCallback
 .text.USB_CoreInit
                0x00000000080058d0       0xc2 Drivers/STM32F4xx_HAL_Driver/Src/stm32f4xx_ll_usb.o
                0x00000000080058d0                USB_CoreInit
 *fill*         0x0000000008005992        0x2 
 .text.USB_SetTurnaroundTime
                0x0000000008005994      0x144 Drivers/STM32F4xx_HAL_Driver/Src/stm32f4xx_ll_usb.o
                0x0000000008005994                USB_SetTurnaroundTime
 .text.USB_EnableGlobalInt
                0x0000000008005ad8       0x22 Drivers/STM32F4xx_HAL_Driver/Src/stm32f4xx_ll_usb.o
                0x0000000008005ad8                USB_EnableGlobalInt
 .text.USB_DisableGlobalInt
                0x0000000008005afa       0x22 Drivers/STM32F4xx_HAL_Driver/Src/stm32f4xx_ll_usb.o
                0x0000000008005afa                USB_DisableGlobalInt
 .text.USB_SetCurrentMode
                0x0000000008005b1c       0x98 Drivers/STM32F4xx_HAL_Driver/Src/stm32f4xx_ll_usb.o
                0x0000000008005b1c                USB_SetCurrentMode
 .text.USB_DevInit
                0x0000000008005bb4      0x2c8 Drivers/STM32F4xx_HAL_Driver/Src/stm32f4xx_ll_usb.o
                0x0000000008005bb4                USB_DevInit
 .text.USB_FlushTxFifo
                0x0000000008005e7c       0x48 Drivers/STM32F4xx_HAL_Driver/Src/stm32f4xx_ll_usb.o
                0x0000000008005e7c                USB_FlushTxFifo
 .text.USB_FlushRxFifo
                0x0000000008005ec4       0x40 Drivers/STM32F4xx_HAL_Driver/Src/stm32f4xx_ll_usb.o
                0x0000000008005ec4                USB_FlushRxFifo
 .text.USB_SetDevSpeed
                0x0000000008005f04       0x32 Drivers/STM32F4xx_HAL_Driver/Src/stm32f4xx_ll_usb.o
                0x0000000008005f04                USB_SetDevSpeed
 .text.USB_GetDevSpeed
                0x0000000008005f36       0x4a Drivers/STM32F4xx_HAL_Driver/Src/stm32f4xx_ll_usb.o
                0x0000000008005f36                USB_GetDevSpeed
 .text.USB_ActivateEndpoint
                0x0000000008005f80      0x10e Drivers/STM32F4xx_HAL_Driver/Src/stm32f4xx_ll_usb.o
                0x0000000008005f80                USB_ActivateEndpoint
 *fill*         0x000000000800608e        0x2 
 .text.USB_DeactivateEndpoint
                0x0000000008006090      0x1b8 Drivers/STM32F4xx_HAL_Driver/Src/stm32f4xx_ll_usb.o
                0x0000000008006090                USB_DeactivateEndpoint
 .text.USB_EPStartXfer
                0x0000000008006248      0x488 Drivers/STM32F4xx_HAL_Driver/Src/stm32f4xx_ll_usb.o
                0x0000000008006248                USB_EPStartXfer
 .text.USB_EP0StartXfer
                0x00000000080066d0      0x2a6 Drivers/STM32F4xx_HAL_Driver/Src/stm32f4xx_ll_usb.o
                0x00000000080066d0                USB_EP0StartXfer
 .text.USB_WritePacket
                0x0000000008006976       0x7c Drivers/STM32F4xx_HAL_Driver/Src/stm32f4xx_ll_usb.o
                0x0000000008006976                USB_WritePacket
 .text.USB_ReadPacket
                0x00000000080069f2       0xb0 Drivers/STM32F4xx_HAL_Driver/Src/stm32f4xx_ll_usb.o
                0x00000000080069f2                USB_ReadPacket
 .text.USB_EPSetStall
                0x0000000008006aa2       0xdc Drivers/STM32F4xx_HAL_Driver/Src/stm32f4xx_ll_usb.o
                0x0000000008006aa2                USB_EPSetStall
 .text.USB_EPClearStall
                0x0000000008006b7e       0xcc Drivers/STM32F4xx_HAL_Driver/Src/stm32f4xx_ll_usb.o
                0x0000000008006b7e                USB_EPClearStall
 .text.USB_SetDevAddress
                0x0000000008006c4a       0x4c Drivers/STM32F4xx_HAL_Driver/Src/stm32f4xx_ll_usb.o
                0x0000000008006c4a                USB_SetDevAddress
 .text.USB_DevConnect
                0x0000000008006c96       0x42 Drivers/STM32F4xx_HAL_Driver/Src/stm32f4xx_ll_usb.o
                0x0000000008006c96                USB_DevConnect
 .text.USB_DevDisconnect
                0x0000000008006cd8       0x42 Drivers/STM32F4xx_HAL_Driver/Src/stm32f4xx_ll_usb.o
                0x0000000008006cd8                USB_DevDisconnect
 .text.USB_ReadInterrupts
                0x0000000008006d1a       0x26 Drivers/STM32F4xx_HAL_Driver/Src/stm32f4xx_ll_usb.o
                0x0000000008006d1a                USB_ReadInterrupts
 .text.USB_ReadDevAllOutEpInterrupt
                0x0000000008006d40       0x34 Drivers/STM32F4xx_HAL_Driver/Src/stm32f4xx_ll_usb.o
                0x0000000008006d40                USB_ReadDevAllOutEpInterrupt
 .text.USB_ReadDevAllInEpInterrupt
                0x0000000008006d74       0x34 Drivers/STM32F4xx_HAL_Driver/Src/stm32f4xx_ll_usb.o
                0x0000000008006d74                USB_ReadDevAllInEpInterrupt
 .text.USB_ReadDevOutEPInterrupt
                0x0000000008006da8       0x3c Drivers/STM32F4xx_HAL_Driver/Src/stm32f4xx_ll_usb.o
                0x0000000008006da8                USB_ReadDevOutEPInterrupt
 .text.USB_ReadDevInEPInterrupt
                0x0000000008006de4       0x5c Drivers/STM32F4xx_HAL_Driver/Src/stm32f4xx_ll_usb.o
                0x0000000008006de4                USB_ReadDevInEPInterrupt
 .text.USB_GetMode
                0x0000000008006e40       0x1c Drivers/STM32F4xx_HAL_Driver/Src/stm32f4xx_ll_usb.o
                0x0000000008006e40                USB_GetMode
 .text.USB_ActivateSetup
                0x0000000008006e5c       0x46 Drivers/STM32F4xx_HAL_Driver/Src/stm32f4xx_ll_usb.o
                0x0000000008006e5c                USB_ActivateSetup
 *fill*         0x0000000008006ea2        0x2 
 .text.USB_EP0_OutStart
                0x0000000008006ea4       0xbc Drivers/STM32F4xx_HAL_Driver/Src/stm32f4xx_ll_usb.o
                0x0000000008006ea4                USB_EP0_OutStart
 .text.USB_CoreReset
                0x0000000008006f60       0x64 Drivers/STM32F4xx_HAL_Driver/Src/stm32f4xx_ll_usb.o
 .text.USBD_CDC_Init
                0x0000000008006fc4       0xfe Middlewares/ST/STM32_USB_Device_Library/Class/CDC/Src/usbd_cdc.o
 .text.USBD_CDC_DeInit
                0x00000000080070c2       0x74 Middlewares/ST/STM32_USB_Device_Library/Class/CDC/Src/usbd_cdc.o
 *fill*         0x0000000008007136        0x2 
 .text.USBD_CDC_Setup
                0x0000000008007138      0x190 Middlewares/ST/STM32_USB_Device_Library/Class/CDC/Src/usbd_cdc.o
 .text.USBD_CDC_DataIn
                0x00000000080072c8       0xca Middlewares/ST/STM32_USB_Device_Library/Class/CDC/Src/usbd_cdc.o
 .text.USBD_CDC_DataOut
                0x0000000008007392       0x56 Middlewares/ST/STM32_USB_Device_Library/Class/CDC/Src/usbd_cdc.o
 .text.USBD_CDC_EP0_RxReady
                0x00000000080073e8       0x5a Middlewares/ST/STM32_USB_Device_Library/Class/CDC/Src/usbd_cdc.o
 *fill*         0x0000000008007442        0x2 
 .text.USBD_CDC_GetFSCfgDesc
                0x0000000008007444       0x20 Middlewares/ST/STM32_USB_Device_Library/Class/CDC/Src/usbd_cdc.o
 .text.USBD_CDC_GetHSCfgDesc
                0x0000000008007464       0x20 Middlewares/ST/STM32_USB_Device_Library/Class/CDC/Src/usbd_cdc.o
 .text.USBD_CDC_GetOtherSpeedCfgDesc
                0x0000000008007484       0x20 Middlewares/ST/STM32_USB_Device_Library/Class/CDC/Src/usbd_cdc.o
 .text.USBD_CDC_GetDeviceQualifierDescriptor
                0x00000000080074a4       0x20 Middlewares/ST/STM32_USB_Device_Library/Class/CDC/Src/usbd_cdc.o
                0x00000000080074a4                USBD_CDC_GetDeviceQualifierDescriptor
 .text.USBD_CDC_RegisterInterface
                0x00000000080074c4       0x2a Middlewares/ST/STM32_USB_Device_Library/Class/CDC/Src/usbd_cdc.o
                0x00000000080074c4                USBD_CDC_RegisterInterface
 .text.USBD_CDC_SetTxBuffer
                0x00000000080074ee       0x3c Middlewares/ST/STM32_USB_Device_Library/Class/CDC/Src/usbd_cdc.o
                0x00000000080074ee                USBD_CDC_SetTxBuffer
 .text.USBD_CDC_SetRxBuffer
                0x000000000800752a       0x32 Middlewares/ST/STM32_USB_Device_Library/Class/CDC/Src/usbd_cdc.o
                0x000000000800752a                USBD_CDC_SetRxBuffer
 .text.USBD_CDC_TransmitPacket
                0x000000000800755c       0x60 Middlewares/ST/STM32_USB_Device_Library/Class/CDC/Src/usbd_cdc.o
                0x000000000800755c                USBD_CDC_TransmitPacket
 .text.USBD_CDC_ReceivePacket
                0x00000000080075bc       0x54 Middlewares/ST/STM32_USB_Device_Library/Class/CDC/Src/usbd_cdc.o
                0x00000000080075bc                USBD_CDC_ReceivePacket
 .text.USBD_Init
                0x0000000008007610       0x60 Middlewares/ST/STM32_USB_Device_Library/Core/Src/usbd_core.o
                0x0000000008007610                USBD_Init
 .text.USBD_RegisterClass
                0x0000000008007670       0x4e Middlewares/ST/STM32_USB_Device_Library/Core/Src/usbd_core.o
                0x0000000008007670                USBD_RegisterClass
 .text.USBD_Start
                0x00000000080076be       0x18 Middlewares/ST/STM32_USB_Device_Library/Core/Src/usbd_core.o
                0x00000000080076be                USBD_Start
 .text.USBD_RunTestMode
                0x00000000080076d6       0x16 Middlewares/ST/STM32_USB_Device_Library/Core/Src/usbd_core.o
                0x00000000080076d6                USBD_RunTestMode
 .text.USBD_SetClassConfig
                0x00000000080076ec       0x38 Middlewares/ST/STM32_USB_Device_Library/Core/Src/usbd_core.o
                0x00000000080076ec                USBD_SetClassConfig
 .text.USBD_ClrClassConfig
                0x0000000008007724       0x30 Middlewares/ST/STM32_USB_Device_Library/Core/Src/usbd_core.o
                0x0000000008007724                USBD_ClrClassConfig
 .text.USBD_LL_SetupStage
                0x0000000008007754       0xaa Middlewares/ST/STM32_USB_Device_Library/Core/Src/usbd_core.o
                0x0000000008007754                USBD_LL_SetupStage
 .text.USBD_LL_DataOutStage
                0x00000000080077fe       0xc6 Middlewares/ST/STM32_USB_Device_Library/Core/Src/usbd_core.o
                0x00000000080077fe                USBD_LL_DataOutStage
 .text.USBD_LL_DataInStage
                0x00000000080078c4      0x12c Middlewares/ST/STM32_USB_Device_Library/Core/Src/usbd_core.o
                0x00000000080078c4                USBD_LL_DataInStage
 .text.USBD_LL_Reset
                0x00000000080079f0       0x9c Middlewares/ST/STM32_USB_Device_Library/Core/Src/usbd_core.o
                0x00000000080079f0                USBD_LL_Reset
 .text.USBD_LL_SetSpeed
                0x0000000008007a8c       0x20 Middlewares/ST/STM32_USB_Device_Library/Core/Src/usbd_core.o
                0x0000000008007a8c                USBD_LL_SetSpeed
 .text.USBD_LL_Suspend
                0x0000000008007aac       0x2c Middlewares/ST/STM32_USB_Device_Library/Core/Src/usbd_core.o
                0x0000000008007aac                USBD_LL_Suspend
 .text.USBD_LL_Resume
                0x0000000008007ad8       0x30 Middlewares/ST/STM32_USB_Device_Library/Core/Src/usbd_core.o
                0x0000000008007ad8                USBD_LL_Resume
 .text.USBD_LL_SOF
                0x0000000008007b08       0x44 Middlewares/ST/STM32_USB_Device_Library/Core/Src/usbd_core.o
                0x0000000008007b08                USBD_LL_SOF
 .text.USBD_LL_IsoINIncomplete
                0x0000000008007b4c       0x4c Middlewares/ST/STM32_USB_Device_Library/Core/Src/usbd_core.o
                0x0000000008007b4c                USBD_LL_IsoINIncomplete
 .text.USBD_LL_IsoOUTIncomplete
                0x0000000008007b98       0x4c Middlewares/ST/STM32_USB_Device_Library/Core/Src/usbd_core.o
                0x0000000008007b98                USBD_LL_IsoOUTIncomplete
 .text.USBD_LL_DevConnected
                0x0000000008007be4       0x16 Middlewares/ST/STM32_USB_Device_Library/Core/Src/usbd_core.o
                0x0000000008007be4                USBD_LL_DevConnected
 .text.USBD_LL_DevDisconnected
                0x0000000008007bfa       0x38 Middlewares/ST/STM32_USB_Device_Library/Core/Src/usbd_core.o
                0x0000000008007bfa                USBD_LL_DevDisconnected
 .text.SWAPBYTE
                0x0000000008007c32       0x3c Middlewares/ST/STM32_USB_Device_Library/Core/Src/usbd_ctlreq.o
 *fill*         0x0000000008007c6e        0x2 
 .text.USBD_StdDevReq
                0x0000000008007c70       0xdc Middlewares/ST/STM32_USB_Device_Library/Core/Src/usbd_ctlreq.o
                0x0000000008007c70                USBD_StdDevReq
 .text.USBD_StdItfReq
                0x0000000008007d4c       0x92 Middlewares/ST/STM32_USB_Device_Library/Core/Src/usbd_ctlreq.o
                0x0000000008007d4c                USBD_StdItfReq
 .text.USBD_StdEPReq
                0x0000000008007dde      0x2c4 Middlewares/ST/STM32_USB_Device_Library/Core/Src/usbd_ctlreq.o
                0x0000000008007dde                USBD_StdEPReq
 *fill*         0x00000000080080a2        0x2 
 .text.USBD_GetDescriptor
                0x00000000080080a4      0x2d4 Middlewares/ST/STM32_USB_Device_Library/Core/Src/usbd_ctlreq.o
 .text.USBD_SetAddress
                0x0000000008008378       0x88 Middlewares/ST/STM32_USB_Device_Library/Core/Src/usbd_ctlreq.o
 .text.USBD_SetConfig
                0x0000000008008400      0x14c Middlewares/ST/STM32_USB_Device_Library/Core/Src/usbd_ctlreq.o
 .text.USBD_GetConfig
                0x000000000800854c       0x6c Middlewares/ST/STM32_USB_Device_Library/Core/Src/usbd_ctlreq.o
 .text.USBD_GetStatus
                0x00000000080085b8       0x68 Middlewares/ST/STM32_USB_Device_Library/Core/Src/usbd_ctlreq.o
 .text.USBD_SetFeature
                0x0000000008008620       0x28 Middlewares/ST/STM32_USB_Device_Library/Core/Src/usbd_ctlreq.o
 .text.USBD_ClrFeature
                0x0000000008008648       0x44 Middlewares/ST/STM32_USB_Device_Library/Core/Src/usbd_ctlreq.o
 .text.USBD_ParseSetupRequest
                0x000000000800868c       0x74 Middlewares/ST/STM32_USB_Device_Library/Core/Src/usbd_ctlreq.o
                0x000000000800868c                USBD_ParseSetupRequest
 .text.USBD_CtlError
                0x0000000008008700       0x22 Middlewares/ST/STM32_USB_Device_Library/Core/Src/usbd_ctlreq.o
                0x0000000008008700                USBD_CtlError
 .text.USBD_GetString
                0x0000000008008722       0x8c Middlewares/ST/STM32_USB_Device_Library/Core/Src/usbd_ctlreq.o
                0x0000000008008722                USBD_GetString
 .text.USBD_GetLen
                0x00000000080087ae       0x34 Middlewares/ST/STM32_USB_Device_Library/Core/Src/usbd_ctlreq.o
 .text.USBD_CtlSendData
                0x00000000080087e2       0x36 Middlewares/ST/STM32_USB_Device_Library/Core/Src/usbd_ioreq.o
                0x00000000080087e2                USBD_CtlSendData
 .text.USBD_CtlContinueSendData
                0x0000000008008818       0x22 Middlewares/ST/STM32_USB_Device_Library/Core/Src/usbd_ioreq.o
                0x0000000008008818                USBD_CtlContinueSendData
 .text.USBD_CtlPrepareRx
                0x000000000800883a       0x3a Middlewares/ST/STM32_USB_Device_Library/Core/Src/usbd_ioreq.o
                0x000000000800883a                USBD_CtlPrepareRx
 .text.USBD_CtlContinueRx
                0x0000000008008874       0x22 Middlewares/ST/STM32_USB_Device_Library/Core/Src/usbd_ioreq.o
                0x0000000008008874                USBD_CtlContinueRx
 .text.USBD_CtlSendStatus
                0x0000000008008896       0x26 Middlewares/ST/STM32_USB_Device_Library/Core/Src/usbd_ioreq.o
                0x0000000008008896                USBD_CtlSendStatus
 .text.USBD_CtlReceiveStatus
                0x00000000080088bc       0x26 Middlewares/ST/STM32_USB_Device_Library/Core/Src/usbd_ioreq.o
                0x00000000080088bc                USBD_CtlReceiveStatus
 *fill*         0x00000000080088e2        0x2 
 .text.MX_USB_DEVICE_Init
                0x00000000080088e4       0x60 USB_DEVICE/App/usb_device.o
                0x00000000080088e4                MX_USB_DEVICE_Init
 .text.CDC_Init_FS
                0x0000000008008944       0x28 USB_DEVICE/App/usbd_cdc_if.o
 .text.CDC_DeInit_FS
                0x000000000800896c       0x10 USB_DEVICE/App/usbd_cdc_if.o
 .text.CDC_Control_FS
                0x000000000800897c       0xbc USB_DEVICE/App/usbd_cdc_if.o
 .text.CDC_Receive_FS
                0x0000000008008a38       0x28 USB_DEVICE/App/usbd_cdc_if.o
 .text.CDC_Transmit_FS
                0x0000000008008a60       0x4c USB_DEVICE/App/usbd_cdc_if.o
                0x0000000008008a60                CDC_Transmit_FS
 .text.CDC_TransmitCplt_FS
                0x0000000008008aac       0x22 USB_DEVICE/App/usbd_cdc_if.o
 *fill*         0x0000000008008ace        0x2 
 .text.USBD_FS_DeviceDescriptor
                0x0000000008008ad0       0x24 USB_DEVICE/App/usbd_desc.o
                0x0000000008008ad0                USBD_FS_DeviceDescriptor
 .text.USBD_FS_LangIDStrDescriptor
                0x0000000008008af4       0x24 USB_DEVICE/App/usbd_desc.o
                0x0000000008008af4                USBD_FS_LangIDStrDescriptor
 .text.USBD_FS_ProductStrDescriptor
                0x0000000008008b18       0x3c USB_DEVICE/App/usbd_desc.o
                0x0000000008008b18                USBD_FS_ProductStrDescriptor
 .text.USBD_FS_ManufacturerStrDescriptor
                0x0000000008008b54       0x28 USB_DEVICE/App/usbd_desc.o
                0x0000000008008b54                USBD_FS_ManufacturerStrDescriptor
 .text.USBD_FS_SerialStrDescriptor
                0x0000000008008b7c       0x24 USB_DEVICE/App/usbd_desc.o
                0x0000000008008b7c                USBD_FS_SerialStrDescriptor
 .text.USBD_FS_ConfigStrDescriptor
                0x0000000008008ba0       0x3c USB_DEVICE/App/usbd_desc.o
                0x0000000008008ba0                USBD_FS_ConfigStrDescriptor
 .text.USBD_FS_InterfaceStrDescriptor
                0x0000000008008bdc       0x3c USB_DEVICE/App/usbd_desc.o
                0x0000000008008bdc                USBD_FS_InterfaceStrDescriptor
 .text.Get_SerialNum
                0x0000000008008c18       0x58 USB_DEVICE/App/usbd_desc.o
 .text.IntToUnicode
                0x0000000008008c70       0x7e USB_DEVICE/App/usbd_desc.o
 *fill*         0x0000000008008cee        0x2 
 .text.HAL_PCD_MspInit
                0x0000000008008cf0       0xa8 USB_DEVICE/Target/usbd_conf.o
                0x0000000008008cf0                HAL_PCD_MspInit
 .text.HAL_PCD_SetupStageCallback
                0x0000000008008d98       0x24 USB_DEVICE/Target/usbd_conf.o
                0x0000000008008d98                HAL_PCD_SetupStageCallback
 .text.HAL_PCD_DataOutStageCallback
                0x0000000008008dbc       0x36 USB_DEVICE/Target/usbd_conf.o
                0x0000000008008dbc                HAL_PCD_DataOutStageCallback
 .text.HAL_PCD_DataInStageCallback
                0x0000000008008df2       0x34 USB_DEVICE/Target/usbd_conf.o
                0x0000000008008df2                HAL_PCD_DataInStageCallback
 .text.HAL_PCD_SOFCallback
                0x0000000008008e26       0x1c USB_DEVICE/Target/usbd_conf.o
                0x0000000008008e26                HAL_PCD_SOFCallback
 .text.HAL_PCD_ResetCallback
                0x0000000008008e42       0x3c USB_DEVICE/Target/usbd_conf.o
                0x0000000008008e42                HAL_PCD_ResetCallback
 *fill*         0x0000000008008e7e        0x2 
 .text.HAL_PCD_SuspendCallback
                0x0000000008008e80       0x4c USB_DEVICE/Target/usbd_conf.o
                0x0000000008008e80                HAL_PCD_SuspendCallback
 .text.HAL_PCD_ResumeCallback
                0x0000000008008ecc       0x1c USB_DEVICE/Target/usbd_conf.o
                0x0000000008008ecc                HAL_PCD_ResumeCallback
 .text.HAL_PCD_ISOOUTIncompleteCallback
                0x0000000008008ee8       0x24 USB_DEVICE/Target/usbd_conf.o
                0x0000000008008ee8                HAL_PCD_ISOOUTIncompleteCallback
 .text.HAL_PCD_ISOINIncompleteCallback
                0x0000000008008f0c       0x24 USB_DEVICE/Target/usbd_conf.o
                0x0000000008008f0c                HAL_PCD_ISOINIncompleteCallback
 .text.HAL_PCD_ConnectCallback
                0x0000000008008f30       0x1c USB_DEVICE/Target/usbd_conf.o
                0x0000000008008f30                HAL_PCD_ConnectCallback
 .text.HAL_PCD_DisconnectCallback
                0x0000000008008f4c       0x1c USB_DEVICE/Target/usbd_conf.o
                0x0000000008008f4c                HAL_PCD_DisconnectCallback
 .text.USBD_LL_Init
                0x0000000008008f68       0x98 USB_DEVICE/Target/usbd_conf.o
                0x0000000008008f68                USBD_LL_Init
 .text.USBD_LL_Start
                0x0000000008009000       0x36 USB_DEVICE/Target/usbd_conf.o
                0x0000000008009000                USBD_LL_Start
 .text.USBD_LL_OpenEP
                0x0000000008009036       0x4c USB_DEVICE/Target/usbd_conf.o
                0x0000000008009036                USBD_LL_OpenEP
 .text.USBD_LL_CloseEP
                0x0000000008009082       0x3e USB_DEVICE/Target/usbd_conf.o
                0x0000000008009082                USBD_LL_CloseEP
 .text.USBD_LL_StallEP
                0x00000000080090c0       0x3e USB_DEVICE/Target/usbd_conf.o
                0x00000000080090c0                USBD_LL_StallEP
 .text.USBD_LL_ClearStallEP
                0x00000000080090fe       0x3e USB_DEVICE/Target/usbd_conf.o
                0x00000000080090fe                USBD_LL_ClearStallEP
 .text.USBD_LL_IsStallEP
                0x000000000800913c       0x58 USB_DEVICE/Target/usbd_conf.o
                0x000000000800913c                USBD_LL_IsStallEP
 .text.USBD_LL_SetUSBAddress
                0x0000000008009194       0x3e USB_DEVICE/Target/usbd_conf.o
                0x0000000008009194                USBD_LL_SetUSBAddress
 .text.USBD_LL_Transmit
                0x00000000080091d2       0x42 USB_DEVICE/Target/usbd_conf.o
                0x00000000080091d2                USBD_LL_Transmit
 .text.USBD_LL_PrepareReceive
                0x0000000008009214       0x42 USB_DEVICE/Target/usbd_conf.o
                0x0000000008009214                USBD_LL_PrepareReceive
 .text.USBD_LL_GetRxDataSize
                0x0000000008009256       0x26 USB_DEVICE/Target/usbd_conf.o
                0x0000000008009256                USBD_LL_GetRxDataSize
 .text.USBD_static_malloc
                0x000000000800927c       0x1c USB_DEVICE/Target/usbd_conf.o
                0x000000000800927c                USBD_static_malloc
 .text.USBD_static_free
                0x0000000008009298       0x14 USB_DEVICE/Target/usbd_conf.o
                0x0000000008009298                USBD_static_free
 .text.USBD_Get_USB_Status
                0x00000000080092ac       0x58 USB_DEVICE/Target/usbd_conf.o
                0x00000000080092ac                USBD_Get_USB_Status
 .text.__errno  0x0000000008009304        0xc d:/programy/stm32cubeide_1.6.1/stm32cubeide/plugins/com.st.stm32cube.ide.mcu.externaltools.gnu-tools-for-stm32.9-2020-q2-update.win32_1.5.0.202011040924/tools/bin/../lib/gcc/arm-none-eabi/9.3.1/../../../../arm-none-eabi/lib/thumb/v7e-m+fp/hard\libc_nano.a(lib_a-errno.o)
                0x0000000008009304                __errno
 .text.__libc_init_array
                0x0000000008009310       0x48 d:/programy/stm32cubeide_1.6.1/stm32cubeide/plugins/com.st.stm32cube.ide.mcu.externaltools.gnu-tools-for-stm32.9-2020-q2-update.win32_1.5.0.202011040924/tools/bin/../lib/gcc/arm-none-eabi/9.3.1/../../../../arm-none-eabi/lib/thumb/v7e-m+fp/hard\libc_nano.a(lib_a-init.o)
                0x0000000008009310                __libc_init_array
 .text.memset   0x0000000008009358       0x10 d:/programy/stm32cubeide_1.6.1/stm32cubeide/plugins/com.st.stm32cube.ide.mcu.externaltools.gnu-tools-for-stm32.9-2020-q2-update.win32_1.5.0.202011040924/tools/bin/../lib/gcc/arm-none-eabi/9.3.1/../../../../arm-none-eabi/lib/thumb/v7e-m+fp/hard\libc_nano.a(lib_a-memset.o)
                0x0000000008009358                memset
 .text.printf   0x0000000008009368       0x30 d:/programy/stm32cubeide_1.6.1/stm32cubeide/plugins/com.st.stm32cube.ide.mcu.externaltools.gnu-tools-for-stm32.9-2020-q2-update.win32_1.5.0.202011040924/tools/bin/../lib/gcc/arm-none-eabi/9.3.1/../../../../arm-none-eabi/lib/thumb/v7e-m+fp/hard\libc_nano.a(lib_a-printf.o)
                0x0000000008009368                iprintf
                0x0000000008009368                printf
 .text.std      0x0000000008009398       0x48 d:/programy/stm32cubeide_1.6.1/stm32cubeide/plugins/com.st.stm32cube.ide.mcu.externaltools.gnu-tools-for-stm32.9-2020-q2-update.win32_1.5.0.202011040924/tools/bin/../lib/gcc/arm-none-eabi/9.3.1/../../../../arm-none-eabi/lib/thumb/v7e-m+fp/hard\libc_nano.a(lib_a-findfp.o)
 .text._cleanup_r
                0x00000000080093e0        0xc d:/programy/stm32cubeide_1.6.1/stm32cubeide/plugins/com.st.stm32cube.ide.mcu.externaltools.gnu-tools-for-stm32.9-2020-q2-update.win32_1.5.0.202011040924/tools/bin/../lib/gcc/arm-none-eabi/9.3.1/../../../../arm-none-eabi/lib/thumb/v7e-m+fp/hard\libc_nano.a(lib_a-findfp.o)
                0x00000000080093e0                _cleanup_r
 .text.__sfmoreglue
                0x00000000080093ec       0x2c d:/programy/stm32cubeide_1.6.1/stm32cubeide/plugins/com.st.stm32cube.ide.mcu.externaltools.gnu-tools-for-stm32.9-2020-q2-update.win32_1.5.0.202011040924/tools/bin/../lib/gcc/arm-none-eabi/9.3.1/../../../../arm-none-eabi/lib/thumb/v7e-m+fp/hard\libc_nano.a(lib_a-findfp.o)
                0x00000000080093ec                __sfmoreglue
 .text.__sfp_lock_acquire
                0x0000000008009418        0xc d:/programy/stm32cubeide_1.6.1/stm32cubeide/plugins/com.st.stm32cube.ide.mcu.externaltools.gnu-tools-for-stm32.9-2020-q2-update.win32_1.5.0.202011040924/tools/bin/../lib/gcc/arm-none-eabi/9.3.1/../../../../arm-none-eabi/lib/thumb/v7e-m+fp/hard\libc_nano.a(lib_a-findfp.o)
                0x0000000008009418                __sfp_lock_acquire
 .text.__sfp_lock_release
                0x0000000008009424        0xc d:/programy/stm32cubeide_1.6.1/stm32cubeide/plugins/com.st.stm32cube.ide.mcu.externaltools.gnu-tools-for-stm32.9-2020-q2-update.win32_1.5.0.202011040924/tools/bin/../lib/gcc/arm-none-eabi/9.3.1/../../../../arm-none-eabi/lib/thumb/v7e-m+fp/hard\libc_nano.a(lib_a-findfp.o)
                0x0000000008009424                __sfp_lock_release
 .text.__sinit_lock_acquire
                0x0000000008009430        0xc d:/programy/stm32cubeide_1.6.1/stm32cubeide/plugins/com.st.stm32cube.ide.mcu.externaltools.gnu-tools-for-stm32.9-2020-q2-update.win32_1.5.0.202011040924/tools/bin/../lib/gcc/arm-none-eabi/9.3.1/../../../../arm-none-eabi/lib/thumb/v7e-m+fp/hard\libc_nano.a(lib_a-findfp.o)
                0x0000000008009430                __sinit_lock_acquire
 .text.__sinit_lock_release
                0x000000000800943c        0xc d:/programy/stm32cubeide_1.6.1/stm32cubeide/plugins/com.st.stm32cube.ide.mcu.externaltools.gnu-tools-for-stm32.9-2020-q2-update.win32_1.5.0.202011040924/tools/bin/../lib/gcc/arm-none-eabi/9.3.1/../../../../arm-none-eabi/lib/thumb/v7e-m+fp/hard\libc_nano.a(lib_a-findfp.o)
                0x000000000800943c                __sinit_lock_release
 .text.__sinit  0x0000000008009448       0x70 d:/programy/stm32cubeide_1.6.1/stm32cubeide/plugins/com.st.stm32cube.ide.mcu.externaltools.gnu-tools-for-stm32.9-2020-q2-update.win32_1.5.0.202011040924/tools/bin/../lib/gcc/arm-none-eabi/9.3.1/../../../../arm-none-eabi/lib/thumb/v7e-m+fp/hard\libc_nano.a(lib_a-findfp.o)
                0x0000000008009448                __sinit
 .text.__sfp    0x00000000080094b8       0x8c d:/programy/stm32cubeide_1.6.1/stm32cubeide/plugins/com.st.stm32cube.ide.mcu.externaltools.gnu-tools-for-stm32.9-2020-q2-update.win32_1.5.0.202011040924/tools/bin/../lib/gcc/arm-none-eabi/9.3.1/../../../../arm-none-eabi/lib/thumb/v7e-m+fp/hard\libc_nano.a(lib_a-findfp.o)
                0x00000000080094b8                __sfp
 .text._fwalk_reent
                0x0000000008009544       0x3e d:/programy/stm32cubeide_1.6.1/stm32cubeide/plugins/com.st.stm32cube.ide.mcu.externaltools.gnu-tools-for-stm32.9-2020-q2-update.win32_1.5.0.202011040924/tools/bin/../lib/gcc/arm-none-eabi/9.3.1/../../../../arm-none-eabi/lib/thumb/v7e-m+fp/hard\libc_nano.a(lib_a-fwalk.o)
                0x0000000008009544                _fwalk_reent
 .text.__retarget_lock_init_recursive
                0x0000000008009582        0x2 d:/programy/stm32cubeide_1.6.1/stm32cubeide/plugins/com.st.stm32cube.ide.mcu.externaltools.gnu-tools-for-stm32.9-2020-q2-update.win32_1.5.0.202011040924/tools/bin/../lib/gcc/arm-none-eabi/9.3.1/../../../../arm-none-eabi/lib/thumb/v7e-m+fp/hard\libc_nano.a(lib_a-lock.o)
                0x0000000008009582                __retarget_lock_init_recursive
 .text.__retarget_lock_acquire_recursive
                0x0000000008009584        0x2 d:/programy/stm32cubeide_1.6.1/stm32cubeide/plugins/com.st.stm32cube.ide.mcu.externaltools.gnu-tools-for-stm32.9-2020-q2-update.win32_1.5.0.202011040924/tools/bin/../lib/gcc/arm-none-eabi/9.3.1/../../../../arm-none-eabi/lib/thumb/v7e-m+fp/hard\libc_nano.a(lib_a-lock.o)
                0x0000000008009584                __retarget_lock_acquire_recursive
 .text.__retarget_lock_release_recursive
                0x0000000008009586        0x2 d:/programy/stm32cubeide_1.6.1/stm32cubeide/plugins/com.st.stm32cube.ide.mcu.externaltools.gnu-tools-for-stm32.9-2020-q2-update.win32_1.5.0.202011040924/tools/bin/../lib/gcc/arm-none-eabi/9.3.1/../../../../arm-none-eabi/lib/thumb/v7e-m+fp/hard\libc_nano.a(lib_a-lock.o)
                0x0000000008009586                __retarget_lock_release_recursive
 .text._malloc_r
                0x0000000008009588       0xb4 d:/programy/stm32cubeide_1.6.1/stm32cubeide/plugins/com.st.stm32cube.ide.mcu.externaltools.gnu-tools-for-stm32.9-2020-q2-update.win32_1.5.0.202011040924/tools/bin/../lib/gcc/arm-none-eabi/9.3.1/../../../../arm-none-eabi/lib/thumb/v7e-m+fp/hard\libc_nano.a(lib_a-nano-mallocr.o)
                0x0000000008009588                _malloc_r
 .text.__sfputc_r
                0x000000000800963c       0x2e d:/programy/stm32cubeide_1.6.1/stm32cubeide/plugins/com.st.stm32cube.ide.mcu.externaltools.gnu-tools-for-stm32.9-2020-q2-update.win32_1.5.0.202011040924/tools/bin/../lib/gcc/arm-none-eabi/9.3.1/../../../../arm-none-eabi/lib/thumb/v7e-m+fp/hard\libc_nano.a(lib_a-nano-vfprintf.o)
 .text.__sfputs_r
                0x000000000800966a       0x24 d:/programy/stm32cubeide_1.6.1/stm32cubeide/plugins/com.st.stm32cube.ide.mcu.externaltools.gnu-tools-for-stm32.9-2020-q2-update.win32_1.5.0.202011040924/tools/bin/../lib/gcc/arm-none-eabi/9.3.1/../../../../arm-none-eabi/lib/thumb/v7e-m+fp/hard\libc_nano.a(lib_a-nano-vfprintf.o)
                0x000000000800966a                __sfputs_r
 *fill*         0x000000000800968e        0x2 
 .text._vfprintf_r
                0x0000000008009690      0x260 d:/programy/stm32cubeide_1.6.1/stm32cubeide/plugins/com.st.stm32cube.ide.mcu.externaltools.gnu-tools-for-stm32.9-2020-q2-update.win32_1.5.0.202011040924/tools/bin/../lib/gcc/arm-none-eabi/9.3.1/../../../../arm-none-eabi/lib/thumb/v7e-m+fp/hard\libc_nano.a(lib_a-nano-vfprintf.o)
                0x0000000008009690                _vfprintf_r
                0x0000000008009690                _vfiprintf_r
 .text._printf_common
                0x00000000080098f0       0xda d:/programy/stm32cubeide_1.6.1/stm32cubeide/plugins/com.st.stm32cube.ide.mcu.externaltools.gnu-tools-for-stm32.9-2020-q2-update.win32_1.5.0.202011040924/tools/bin/../lib/gcc/arm-none-eabi/9.3.1/../../../../arm-none-eabi/lib/thumb/v7e-m+fp/hard\libc_nano.a(lib_a-nano-vfprintf_i.o)
                0x00000000080098f0                _printf_common
 *fill*         0x00000000080099ca        0x2 
 .text._printf_i
                0x00000000080099cc      0x24c d:/programy/stm32cubeide_1.6.1/stm32cubeide/plugins/com.st.stm32cube.ide.mcu.externaltools.gnu-tools-for-stm32.9-2020-q2-update.win32_1.5.0.202011040924/tools/bin/../lib/gcc/arm-none-eabi/9.3.1/../../../../arm-none-eabi/lib/thumb/v7e-m+fp/hard\libc_nano.a(lib_a-nano-vfprintf_i.o)
                0x00000000080099cc                _printf_i
 .text._sbrk_r  0x0000000008009c18       0x20 d:/programy/stm32cubeide_1.6.1/stm32cubeide/plugins/com.st.stm32cube.ide.mcu.externaltools.gnu-tools-for-stm32.9-2020-q2-update.win32_1.5.0.202011040924/tools/bin/../lib/gcc/arm-none-eabi/9.3.1/../../../../arm-none-eabi/lib/thumb/v7e-m+fp/hard\libc_nano.a(lib_a-sbrkr.o)
                0x0000000008009c18                _sbrk_r
 .text.__sread  0x0000000008009c38       0x22 d:/programy/stm32cubeide_1.6.1/stm32cubeide/plugins/com.st.stm32cube.ide.mcu.externaltools.gnu-tools-for-stm32.9-2020-q2-update.win32_1.5.0.202011040924/tools/bin/../lib/gcc/arm-none-eabi/9.3.1/../../../../arm-none-eabi/lib/thumb/v7e-m+fp/hard\libc_nano.a(lib_a-stdio.o)
                0x0000000008009c38                __sread
 .text.__swrite
                0x0000000008009c5a       0x38 d:/programy/stm32cubeide_1.6.1/stm32cubeide/plugins/com.st.stm32cube.ide.mcu.externaltools.gnu-tools-for-stm32.9-2020-q2-update.win32_1.5.0.202011040924/tools/bin/../lib/gcc/arm-none-eabi/9.3.1/../../../../arm-none-eabi/lib/thumb/v7e-m+fp/hard\libc_nano.a(lib_a-stdio.o)
                0x0000000008009c5a                __swrite
 .text.__sseek  0x0000000008009c92       0x24 d:/programy/stm32cubeide_1.6.1/stm32cubeide/plugins/com.st.stm32cube.ide.mcu.externaltools.gnu-tools-for-stm32.9-2020-q2-update.win32_1.5.0.202011040924/tools/bin/../lib/gcc/arm-none-eabi/9.3.1/../../../../arm-none-eabi/lib/thumb/v7e-m+fp/hard\libc_nano.a(lib_a-stdio.o)
                0x0000000008009c92                __sseek
 .text.__sclose
                0x0000000008009cb6        0x8 d:/programy/stm32cubeide_1.6.1/stm32cubeide/plugins/com.st.stm32cube.ide.mcu.externaltools.gnu-tools-for-stm32.9-2020-q2-update.win32_1.5.0.202011040924/tools/bin/../lib/gcc/arm-none-eabi/9.3.1/../../../../arm-none-eabi/lib/thumb/v7e-m+fp/hard\libc_nano.a(lib_a-stdio.o)
                0x0000000008009cb6                __sclose
 *fill*         0x0000000008009cbe        0x2 
 .text.__swbuf_r
                0x0000000008009cc0       0xa4 d:/programy/stm32cubeide_1.6.1/stm32cubeide/plugins/com.st.stm32cube.ide.mcu.externaltools.gnu-tools-for-stm32.9-2020-q2-update.win32_1.5.0.202011040924/tools/bin/../lib/gcc/arm-none-eabi/9.3.1/../../../../arm-none-eabi/lib/thumb/v7e-m+fp/hard\libc_nano.a(lib_a-wbuf.o)
                0x0000000008009cc0                __swbuf_r
 .text._write_r
                0x0000000008009d64       0x24 d:/programy/stm32cubeide_1.6.1/stm32cubeide/plugins/com.st.stm32cube.ide.mcu.externaltools.gnu-tools-for-stm32.9-2020-q2-update.win32_1.5.0.202011040924/tools/bin/../lib/gcc/arm-none-eabi/9.3.1/../../../../arm-none-eabi/lib/thumb/v7e-m+fp/hard\libc_nano.a(lib_a-writer.o)
                0x0000000008009d64                _write_r
 .text.__swsetup_r
                0x0000000008009d88       0xdc d:/programy/stm32cubeide_1.6.1/stm32cubeide/plugins/com.st.stm32cube.ide.mcu.externaltools.gnu-tools-for-stm32.9-2020-q2-update.win32_1.5.0.202011040924/tools/bin/../lib/gcc/arm-none-eabi/9.3.1/../../../../arm-none-eabi/lib/thumb/v7e-m+fp/hard\libc_nano.a(lib_a-wsetup.o)
                0x0000000008009d88                __swsetup_r
 .text._close_r
                0x0000000008009e64       0x20 d:/programy/stm32cubeide_1.6.1/stm32cubeide/plugins/com.st.stm32cube.ide.mcu.externaltools.gnu-tools-for-stm32.9-2020-q2-update.win32_1.5.0.202011040924/tools/bin/../lib/gcc/arm-none-eabi/9.3.1/../../../../arm-none-eabi/lib/thumb/v7e-m+fp/hard\libc_nano.a(lib_a-closer.o)
                0x0000000008009e64                _close_r
 .text.__sflush_r
                0x0000000008009e84      0x10c d:/programy/stm32cubeide_1.6.1/stm32cubeide/plugins/com.st.stm32cube.ide.mcu.externaltools.gnu-tools-for-stm32.9-2020-q2-update.win32_1.5.0.202011040924/tools/bin/../lib/gcc/arm-none-eabi/9.3.1/../../../../arm-none-eabi/lib/thumb/v7e-m+fp/hard\libc_nano.a(lib_a-fflush.o)
                0x0000000008009e84                __sflush_r
 .text._fflush_r
                0x0000000008009f90       0x78 d:/programy/stm32cubeide_1.6.1/stm32cubeide/plugins/com.st.stm32cube.ide.mcu.externaltools.gnu-tools-for-stm32.9-2020-q2-update.win32_1.5.0.202011040924/tools/bin/../lib/gcc/arm-none-eabi/9.3.1/../../../../arm-none-eabi/lib/thumb/v7e-m+fp/hard\libc_nano.a(lib_a-fflush.o)
                0x0000000008009f90                _fflush_r
 .text._lseek_r
                0x000000000800a008       0x24 d:/programy/stm32cubeide_1.6.1/stm32cubeide/plugins/com.st.stm32cube.ide.mcu.externaltools.gnu-tools-for-stm32.9-2020-q2-update.win32_1.5.0.202011040924/tools/bin/../lib/gcc/arm-none-eabi/9.3.1/../../../../arm-none-eabi/lib/thumb/v7e-m+fp/hard\libc_nano.a(lib_a-lseekr.o)
                0x000000000800a008                _lseek_r
 .text.__swhatbuf_r
                0x000000000800a02c       0x48 d:/programy/stm32cubeide_1.6.1/stm32cubeide/plugins/com.st.stm32cube.ide.mcu.externaltools.gnu-tools-for-stm32.9-2020-q2-update.win32_1.5.0.202011040924/tools/bin/../lib/gcc/arm-none-eabi/9.3.1/../../../../arm-none-eabi/lib/thumb/v7e-m+fp/hard\libc_nano.a(lib_a-makebuf.o)
                0x000000000800a02c                __swhatbuf_r
 .text.__smakebuf_r
                0x000000000800a074       0x80 d:/programy/stm32cubeide_1.6.1/stm32cubeide/plugins/com.st.stm32cube.ide.mcu.externaltools.gnu-tools-for-stm32.9-2020-q2-update.win32_1.5.0.202011040924/tools/bin/../lib/gcc/arm-none-eabi/9.3.1/../../../../arm-none-eabi/lib/thumb/v7e-m+fp/hard\libc_nano.a(lib_a-makebuf.o)
                0x000000000800a074                __smakebuf_r
 .text.__malloc_lock
                0x000000000800a0f4        0xc d:/programy/stm32cubeide_1.6.1/stm32cubeide/plugins/com.st.stm32cube.ide.mcu.externaltools.gnu-tools-for-stm32.9-2020-q2-update.win32_1.5.0.202011040924/tools/bin/../lib/gcc/arm-none-eabi/9.3.1/../../../../arm-none-eabi/lib/thumb/v7e-m+fp/hard\libc_nano.a(lib_a-mlock.o)
                0x000000000800a0f4                __malloc_lock
 .text.__malloc_unlock
                0x000000000800a100        0xc d:/programy/stm32cubeide_1.6.1/stm32cubeide/plugins/com.st.stm32cube.ide.mcu.externaltools.gnu-tools-for-stm32.9-2020-q2-update.win32_1.5.0.202011040924/tools/bin/../lib/gcc/arm-none-eabi/9.3.1/../../../../arm-none-eabi/lib/thumb/v7e-m+fp/hard\libc_nano.a(lib_a-mlock.o)
                0x000000000800a100                __malloc_unlock
 .text._free_r  0x000000000800a10c       0xa0 d:/programy/stm32cubeide_1.6.1/stm32cubeide/plugins/com.st.stm32cube.ide.mcu.externaltools.gnu-tools-for-stm32.9-2020-q2-update.win32_1.5.0.202011040924/tools/bin/../lib/gcc/arm-none-eabi/9.3.1/../../../../arm-none-eabi/lib/thumb/v7e-m+fp/hard\libc_nano.a(lib_a-nano-freer.o)
                0x000000000800a10c                _free_r
 .text._read_r  0x000000000800a1ac       0x24 d:/programy/stm32cubeide_1.6.1/stm32cubeide/plugins/com.st.stm32cube.ide.mcu.externaltools.gnu-tools-for-stm32.9-2020-q2-update.win32_1.5.0.202011040924/tools/bin/../lib/gcc/arm-none-eabi/9.3.1/../../../../arm-none-eabi/lib/thumb/v7e-m+fp/hard\libc_nano.a(lib_a-readr.o)
                0x000000000800a1ac                _read_r
 .text._fstat_r
                0x000000000800a1d0       0x24 d:/programy/stm32cubeide_1.6.1/stm32cubeide/plugins/com.st.stm32cube.ide.mcu.externaltools.gnu-tools-for-stm32.9-2020-q2-update.win32_1.5.0.202011040924/tools/bin/../lib/gcc/arm-none-eabi/9.3.1/../../../../arm-none-eabi/lib/thumb/v7e-m+fp/hard\libc_nano.a(lib_a-fstatr.o)
                0x000000000800a1d0                _fstat_r
 .text._isatty_r
                0x000000000800a1f4       0x20 d:/programy/stm32cubeide_1.6.1/stm32cubeide/plugins/com.st.stm32cube.ide.mcu.externaltools.gnu-tools-for-stm32.9-2020-q2-update.win32_1.5.0.202011040924/tools/bin/../lib/gcc/arm-none-eabi/9.3.1/../../../../arm-none-eabi/lib/thumb/v7e-m+fp/hard\libc_nano.a(lib_a-isattyr.o)
                0x000000000800a1f4                _isatty_r
 *(.glue_7)
 .glue_7        0x000000000800a214        0x0 linker stubs
 *(.glue_7t)
 .glue_7t       0x000000000800a214        0x0 linker stubs
 *(.eh_frame)
 .eh_frame      0x000000000800a214        0x0 d:/programy/stm32cubeide_1.6.1/stm32cubeide/plugins/com.st.stm32cube.ide.mcu.externaltools.gnu-tools-for-stm32.9-2020-q2-update.win32_1.5.0.202011040924/tools/bin/../lib/gcc/arm-none-eabi/9.3.1/thumb/v7e-m+fp/hard/crtbegin.o
 *(.init)
 .init          0x000000000800a214        0x4 d:/programy/stm32cubeide_1.6.1/stm32cubeide/plugins/com.st.stm32cube.ide.mcu.externaltools.gnu-tools-for-stm32.9-2020-q2-update.win32_1.5.0.202011040924/tools/bin/../lib/gcc/arm-none-eabi/9.3.1/thumb/v7e-m+fp/hard/crti.o
                0x000000000800a214                _init
 .init          0x000000000800a218        0x8 d:/programy/stm32cubeide_1.6.1/stm32cubeide/plugins/com.st.stm32cube.ide.mcu.externaltools.gnu-tools-for-stm32.9-2020-q2-update.win32_1.5.0.202011040924/tools/bin/../lib/gcc/arm-none-eabi/9.3.1/thumb/v7e-m+fp/hard/crtn.o
 *(.fini)
 .fini          0x000000000800a220        0x4 d:/programy/stm32cubeide_1.6.1/stm32cubeide/plugins/com.st.stm32cube.ide.mcu.externaltools.gnu-tools-for-stm32.9-2020-q2-update.win32_1.5.0.202011040924/tools/bin/../lib/gcc/arm-none-eabi/9.3.1/thumb/v7e-m+fp/hard/crti.o
                0x000000000800a220                _fini
 .fini          0x000000000800a224        0x8 d:/programy/stm32cubeide_1.6.1/stm32cubeide/plugins/com.st.stm32cube.ide.mcu.externaltools.gnu-tools-for-stm32.9-2020-q2-update.win32_1.5.0.202011040924/tools/bin/../lib/gcc/arm-none-eabi/9.3.1/thumb/v7e-m+fp/hard/crtn.o
                0x000000000800a22c                . = ALIGN (0x4)
                0x000000000800a22c                _etext = .

.vfp11_veneer   0x000000000800a22c        0x0
 .vfp11_veneer  0x000000000800a22c        0x0 linker stubs

.v4_bx          0x000000000800a22c        0x0
 .v4_bx         0x000000000800a22c        0x0 linker stubs

.iplt           0x000000000800a22c        0x0
 .iplt          0x000000000800a22c        0x0 d:/programy/stm32cubeide_1.6.1/stm32cubeide/plugins/com.st.stm32cube.ide.mcu.externaltools.gnu-tools-for-stm32.9-2020-q2-update.win32_1.5.0.202011040924/tools/bin/../lib/gcc/arm-none-eabi/9.3.1/thumb/v7e-m+fp/hard/crtbegin.o

.rodata         0x000000000800a22c      0x124
                0x000000000800a22c                . = ALIGN (0x4)
 *(.rodata)
 .rodata        0x000000000800a22c       0x15 Core/Src/progress_display.o
 *fill*         0x000000000800a241        0x3 
 .rodata        0x000000000800a244       0x46 USB_DEVICE/App/usbd_desc.o
 *(.rodata*)
 *fill*         0x000000000800a28a        0x2 
 .rodata.segmentMap
                0x000000000800a28c       0x11 Core/Src/stm32_tm1637.o
                0x000000000800a28c                segmentMap
 *fill*         0x000000000800a29d        0x3 
 .rodata.AHBPrescTable
                0x000000000800a2a0       0x10 Core/Src/system_stm32f4xx.o
                0x000000000800a2a0                AHBPrescTable
 .rodata.flagBitshiftOffset.8337
                0x000000000800a2b0        0x8 Drivers/STM32F4xx_HAL_Driver/Src/stm32f4xx_hal_dma.o
 .rodata._global_impure_ptr
                0x000000000800a2b8        0x4 d:/programy/stm32cubeide_1.6.1/stm32cubeide/plugins/com.st.stm32cube.ide.mcu.externaltools.gnu-tools-for-stm32.9-2020-q2-update.win32_1.5.0.202011040924/tools/bin/../lib/gcc/arm-none-eabi/9.3.1/../../../../arm-none-eabi/lib/thumb/v7e-m+fp/hard\libc_nano.a(lib_a-impure.o)
                0x000000000800a2b8                _global_impure_ptr
 .rodata.__sf_fake_stderr
                0x000000000800a2bc       0x20 d:/programy/stm32cubeide_1.6.1/stm32cubeide/plugins/com.st.stm32cube.ide.mcu.externaltools.gnu-tools-for-stm32.9-2020-q2-update.win32_1.5.0.202011040924/tools/bin/../lib/gcc/arm-none-eabi/9.3.1/../../../../arm-none-eabi/lib/thumb/v7e-m+fp/hard\libc_nano.a(lib_a-findfp.o)
                0x000000000800a2bc                __sf_fake_stderr
 .rodata.__sf_fake_stdin
                0x000000000800a2dc       0x20 d:/programy/stm32cubeide_1.6.1/stm32cubeide/plugins/com.st.stm32cube.ide.mcu.externaltools.gnu-tools-for-stm32.9-2020-q2-update.win32_1.5.0.202011040924/tools/bin/../lib/gcc/arm-none-eabi/9.3.1/../../../../arm-none-eabi/lib/thumb/v7e-m+fp/hard\libc_nano.a(lib_a-findfp.o)
                0x000000000800a2dc                __sf_fake_stdin
 .rodata.__sf_fake_stdout
                0x000000000800a2fc       0x20 d:/programy/stm32cubeide_1.6.1/stm32cubeide/plugins/com.st.stm32cube.ide.mcu.externaltools.gnu-tools-for-stm32.9-2020-q2-update.win32_1.5.0.202011040924/tools/bin/../lib/gcc/arm-none-eabi/9.3.1/../../../../arm-none-eabi/lib/thumb/v7e-m+fp/hard\libc_nano.a(lib_a-findfp.o)
                0x000000000800a2fc                __sf_fake_stdout
 .rodata._vfprintf_r.str1.1
                0x000000000800a31c       0x11 d:/programy/stm32cubeide_1.6.1/stm32cubeide/plugins/com.st.stm32cube.ide.mcu.externaltools.gnu-tools-for-stm32.9-2020-q2-update.win32_1.5.0.202011040924/tools/bin/../lib/gcc/arm-none-eabi/9.3.1/../../../../arm-none-eabi/lib/thumb/v7e-m+fp/hard\libc_nano.a(lib_a-nano-vfprintf.o)
 .rodata._printf_i.str1.1
                0x000000000800a32d       0x22 d:/programy/stm32cubeide_1.6.1/stm32cubeide/plugins/com.st.stm32cube.ide.mcu.externaltools.gnu-tools-for-stm32.9-2020-q2-update.win32_1.5.0.202011040924/tools/bin/../lib/gcc/arm-none-eabi/9.3.1/../../../../arm-none-eabi/lib/thumb/v7e-m+fp/hard\libc_nano.a(lib_a-nano-vfprintf_i.o)
                0x000000000800a350                . = ALIGN (0x4)
 *fill*         0x000000000800a34f        0x1 

.ARM.extab      0x000000000800a350        0x0
                0x000000000800a350                . = ALIGN (0x4)
 *(.ARM.extab* .gnu.linkonce.armextab.*)
                0x000000000800a350                . = ALIGN (0x4)

.ARM            0x000000000800a350        0x8
                0x000000000800a350                . = ALIGN (0x4)
                0x000000000800a350                __exidx_start = .
 *(.ARM.exidx*)
 .ARM.exidx     0x000000000800a350        0x8 d:/programy/stm32cubeide_1.6.1/stm32cubeide/plugins/com.st.stm32cube.ide.mcu.externaltools.gnu-tools-for-stm32.9-2020-q2-update.win32_1.5.0.202011040924/tools/bin/../lib/gcc/arm-none-eabi/9.3.1/thumb/v7e-m+fp/hard\libgcc.a(_udivmoddi4.o)
                0x000000000800a358                __exidx_end = .
                0x000000000800a358                . = ALIGN (0x4)

.rel.dyn        0x000000000800a358        0x0
 .rel.iplt      0x000000000800a358        0x0 d:/programy/stm32cubeide_1.6.1/stm32cubeide/plugins/com.st.stm32cube.ide.mcu.externaltools.gnu-tools-for-stm32.9-2020-q2-update.win32_1.5.0.202011040924/tools/bin/../lib/gcc/arm-none-eabi/9.3.1/thumb/v7e-m+fp/hard/crtbegin.o

.preinit_array  0x000000000800a358        0x0
                0x000000000800a358                . = ALIGN (0x4)
                0x000000000800a358                PROVIDE (__preinit_array_start = .)
 *(.preinit_array*)
                0x000000000800a358                PROVIDE (__preinit_array_end = .)
                0x000000000800a358                . = ALIGN (0x4)

.init_array     0x000000000800a358        0x4
                0x000000000800a358                . = ALIGN (0x4)
                0x000000000800a358                PROVIDE (__init_array_start = .)
 *(SORT_BY_NAME(.init_array.*))
 *(.init_array*)
 .init_array    0x000000000800a358        0x4 d:/programy/stm32cubeide_1.6.1/stm32cubeide/plugins/com.st.stm32cube.ide.mcu.externaltools.gnu-tools-for-stm32.9-2020-q2-update.win32_1.5.0.202011040924/tools/bin/../lib/gcc/arm-none-eabi/9.3.1/thumb/v7e-m+fp/hard/crtbegin.o
                0x000000000800a35c                PROVIDE (__init_array_end = .)
                0x000000000800a35c                . = ALIGN (0x4)

.fini_array     0x000000000800a35c        0x4
                0x000000000800a35c                . = ALIGN (0x4)
                [!provide]                        PROVIDE (__fini_array_start = .)
 *(SORT_BY_NAME(.fini_array.*))
 *(.fini_array*)
 .fini_array    0x000000000800a35c        0x4 d:/programy/stm32cubeide_1.6.1/stm32cubeide/plugins/com.st.stm32cube.ide.mcu.externaltools.gnu-tools-for-stm32.9-2020-q2-update.win32_1.5.0.202011040924/tools/bin/../lib/gcc/arm-none-eabi/9.3.1/thumb/v7e-m+fp/hard/crtbegin.o
                [!provide]                        PROVIDE (__fini_array_end = .)
                0x000000000800a360                . = ALIGN (0x4)
                0x000000000800a360                _sidata = LOADADDR (.data)

.data           0x0000000020000000      0x220 load address 0x000000000800a360
                0x0000000020000000                . = ALIGN (0x4)
                0x0000000020000000                _sdata = .
 *(.data)
 *(.data*)
 .data.keys     0x0000000020000000        0xc Core/Src/keypad.o
                0x0000000020000000                keys
 .data.pinsOut  0x000000002000000c        0x6 Core/Src/keypad.o
                0x000000002000000c                pinsOut
 *fill*         0x0000000020000012        0x2 
 .data.pinsIn   0x0000000020000014        0x8 Core/Src/keypad.o
                0x0000000020000014                pinsIn
 .data.lastKey  0x000000002000001c        0x1 Core/Src/keypad.o
                0x000000002000001c                lastKey
 *fill*         0x000000002000001d        0x3 
 .data.powers   0x0000000020000020       0x10 Core/Src/keypad.o
                0x0000000020000020                powers
 .data.COL_RED  0x0000000020000030        0x3 Core/Src/progress_bar.o
                0x0000000020000030                COL_RED
 *fill*         0x0000000020000033        0x1 
 .data.COL_GREEN
                0x0000000020000034        0x3 Core/Src/progress_bar.o
                0x0000000020000034                COL_GREEN
 *fill*         0x0000000020000037        0x1 
 .data.COL_PROGRESS_HSL
                0x0000000020000038        0x3 Core/Src/progress_display.o
                0x0000000020000038                COL_PROGRESS_HSL
 *fill*         0x000000002000003b        0x1 
 .data.SystemCoreClock
                0x000000002000003c        0x4 Core/Src/system_stm32f4xx.o
                0x000000002000003c                SystemCoreClock
 .data.uwTickPrio
                0x0000000020000040        0x4 Drivers/STM32F4xx_HAL_Driver/Src/stm32f4xx_hal.o
                0x0000000020000040                uwTickPrio
 .data.uwTickFreq
                0x0000000020000044        0x1 Drivers/STM32F4xx_HAL_Driver/Src/stm32f4xx_hal.o
                0x0000000020000044                uwTickFreq
 *fill*         0x0000000020000045        0x3 
 .data.USBD_CDC_DeviceQualifierDesc
                0x0000000020000048        0xa Middlewares/ST/STM32_USB_Device_Library/Class/CDC/Src/usbd_cdc.o
 *fill*         0x0000000020000052        0x2 
 .data.USBD_CDC
                0x0000000020000054       0x38 Middlewares/ST/STM32_USB_Device_Library/Class/CDC/Src/usbd_cdc.o
                0x0000000020000054                USBD_CDC
 .data.USBD_CDC_CfgHSDesc
                0x000000002000008c       0x43 Middlewares/ST/STM32_USB_Device_Library/Class/CDC/Src/usbd_cdc.o
 *fill*         0x00000000200000cf        0x1 
 .data.USBD_CDC_CfgFSDesc
                0x00000000200000d0       0x43 Middlewares/ST/STM32_USB_Device_Library/Class/CDC/Src/usbd_cdc.o
 *fill*         0x0000000020000113        0x1 
 .data.USBD_CDC_OtherSpeedCfgDesc
                0x0000000020000114       0x43 Middlewares/ST/STM32_USB_Device_Library/Class/CDC/Src/usbd_cdc.o
 *fill*         0x0000000020000157        0x1 
 .data.USBD_Interface_fops_FS
                0x0000000020000158       0x14 USB_DEVICE/App/usbd_cdc_if.o
                0x0000000020000158                USBD_Interface_fops_FS
 .data.FS_Desc  0x000000002000016c       0x1c USB_DEVICE/App/usbd_desc.o
                0x000000002000016c                FS_Desc
 .data.USBD_FS_DeviceDesc
                0x0000000020000188       0x12 USB_DEVICE/App/usbd_desc.o
                0x0000000020000188                USBD_FS_DeviceDesc
 *fill*         0x000000002000019a        0x2 
 .data.USBD_LangIDDesc
                0x000000002000019c        0x4 USB_DEVICE/App/usbd_desc.o
                0x000000002000019c                USBD_LangIDDesc
 .data.USBD_StringSerial
                0x00000000200001a0       0x1a USB_DEVICE/App/usbd_desc.o
                0x00000000200001a0                USBD_StringSerial
 *fill*         0x00000000200001ba        0x2 
 .data._impure_ptr
                0x00000000200001bc        0x4 d:/programy/stm32cubeide_1.6.1/stm32cubeide/plugins/com.st.stm32cube.ide.mcu.externaltools.gnu-tools-for-stm32.9-2020-q2-update.win32_1.5.0.202011040924/tools/bin/../lib/gcc/arm-none-eabi/9.3.1/../../../../arm-none-eabi/lib/thumb/v7e-m+fp/hard\libc_nano.a(lib_a-impure.o)
                0x00000000200001bc                _impure_ptr
 .data.impure_data
                0x00000000200001c0       0x60 d:/programy/stm32cubeide_1.6.1/stm32cubeide/plugins/com.st.stm32cube.ide.mcu.externaltools.gnu-tools-for-stm32.9-2020-q2-update.win32_1.5.0.202011040924/tools/bin/../lib/gcc/arm-none-eabi/9.3.1/../../../../arm-none-eabi/lib/thumb/v7e-m+fp/hard\libc_nano.a(lib_a-impure.o)
 *(.RamFunc)
 *(.RamFunc*)
                0x0000000020000220                . = ALIGN (0x4)
                0x0000000020000220                _edata = .

.igot.plt       0x0000000020000220        0x0 load address 0x000000000800a580
 .igot.plt      0x0000000020000220        0x0 d:/programy/stm32cubeide_1.6.1/stm32cubeide/plugins/com.st.stm32cube.ide.mcu.externaltools.gnu-tools-for-stm32.9-2020-q2-update.win32_1.5.0.202011040924/tools/bin/../lib/gcc/arm-none-eabi/9.3.1/thumb/v7e-m+fp/hard/crtbegin.o
                0x0000000020000220                . = ALIGN (0x4)

.bss            0x0000000020000220     0x2c90 load address 0x000000000800a580
                0x0000000020000220                _sbss = .
                0x0000000020000220                __bss_start__ = _sbss
 *(.bss)
 .bss           0x0000000020000220       0x1c d:/programy/stm32cubeide_1.6.1/stm32cubeide/plugins/com.st.stm32cube.ide.mcu.externaltools.gnu-tools-for-stm32.9-2020-q2-update.win32_1.5.0.202011040924/tools/bin/../lib/gcc/arm-none-eabi/9.3.1/thumb/v7e-m+fp/hard/crtbegin.o
 *(.bss*)
 .bss.enteredNumber
                0x000000002000023c        0x4 Core/Src/keypad.o
                0x000000002000023c                enteredNumber
 .bss.letter    0x0000000020000240        0x4 Core/Src/keypad.o
                0x0000000020000240                letter
 .bss.ready     0x0000000020000244        0x4 Core/Src/keypad.o
                0x0000000020000244                ready
 .bss.setTime   0x0000000020000248        0x4 Core/Src/keypad.o
                0x0000000020000248                setTime
 .bss.COL_OFF   0x000000002000024c        0x3 Core/Src/progress_bar.o
                0x000000002000024c                COL_OFF
 *fill*         0x000000002000024f        0x1 
 .bss.current_bar_pos
                0x0000000020000250        0x4 Core/Src/progress_display.o
                0x0000000020000250                current_bar_pos
 .bss.__sbrk_heap_end
                0x0000000020000254        0x4 Core/Src/sysmem.o
 .bss._run      0x0000000020000258        0x4 Core/Src/toster_display.o
                0x0000000020000258                _run
 .bss._finished
                0x000000002000025c        0x4 Core/Src/toster_display.o
                0x000000002000025c                _finished
 .bss._segBlink
                0x0000000020000260        0x4 Core/Src/toster_display.o
                0x0000000020000260                _segBlink
 .bss._blinkEnabled
                0x0000000020000264        0x4 Core/Src/toster_display.o
                0x0000000020000264                _blinkEnabled
 .bss.cfgidx.10276
                0x0000000020000268        0x1 Middlewares/ST/STM32_USB_Device_Library/Core/Src/usbd_ctlreq.o
 *fill*         0x0000000020000269        0x3 
 .bss.mem.10345
                0x000000002000026c      0x220 USB_DEVICE/Target/usbd_conf.o
 .bss.__malloc_free_list
                0x000000002000048c        0x4 d:/programy/stm32cubeide_1.6.1/stm32cubeide/plugins/com.st.stm32cube.ide.mcu.externaltools.gnu-tools-for-stm32.9-2020-q2-update.win32_1.5.0.202011040924/tools/bin/../lib/gcc/arm-none-eabi/9.3.1/../../../../arm-none-eabi/lib/thumb/v7e-m+fp/hard\libc_nano.a(lib_a-nano-mallocr.o)
                0x000000002000048c                __malloc_free_list
 .bss.__malloc_sbrk_start