progress_bar.c:12:6:initialize_bar	4	static
progress_bar.c:22:6:print_colors	16	static
progress_bar.c:29:6:write_binary	24	static
progress_bar.c:36:6:set_color	24	static
progress_bar.c:42:6:update_bar	8	static
progress_bar.c:48:6:set_color_all	24	static
progress_bar.c:54:6:clear_bar	8	static
progress_bar.c:58:6:blink	24	static
progress_bar.c:76:6:initialize_shift_animation	16	static
progress_bar.c:83:6:is_shift_initialized	4	static
progress_bar.c:87:6:stop_shift_animation	4	static
progress_bar.c:91:6:update_shift_animation	16	static
progress_bar.c:100:6:shift_bar	24	static
